20:07:21 **** Build of project videoImageTest_bsp ****
make -k all 
"Running Make include in ps7_cortexa9_0/libsrc/axidma_v9_5/src"
make -C ps7_cortexa9_0/libsrc/axidma_v9_5/src -s include  "SHELL=CMD" "COMPILER=arm-none-eabi-gcc" "ARCHIVER=arm-none-eabi-ar" "COMPILER_FLAGS=  -O2 -c" "EXTRA_COMPILER_FLAGS=-mcpu=cortex-a9 -mfpu=vfpv3 -mfloat-abi=hard -nostartfiles -Wall -Wextra"
"Running Make include in ps7_cortexa9_0/libsrc/axivdma_v6_4/src"
make -C ps7_cortexa9_0/libsrc/axivdma_v6_4/src -s include  "SHELL=CMD" "COMPILER=arm-none-eabi-gcc" "ARCHIVER=arm-none-eabi-ar" "COMPILER_FLAGS=  -O2 -c" "EXTRA_COMPILER_FLAGS=-mcpu=cortex-a9 -mfpu=vfpv3 -mfloat-abi=hard -nostartfiles -Wall -Wextra"
"Running Make include in ps7_cortexa9_0/libsrc/coresightps_dcc_v1_4/src"
make -C ps7_cortexa9_0/libsrc/coresightps_dcc_v1_4/src -s include  "SHELL=CMD" "COMPILER=arm-none-eabi-gcc" "ARCHIVER=arm-none-eabi-ar" "COMPILER_FLAGS=  -O2 -c" "EXTRA_COMPILER_FLAGS=-mcpu=cortex-a9 -mfpu=vfpv3 -mfloat-abi=hard -nostartfiles -Wall -Wextra"
"Running Make include in ps7_cortexa9_0/libsrc/cpu_cortexa9_v2_5/src"
make -C ps7_cortexa9_0/libsrc/cpu_cortexa9_v2_5/src -s include  "SHELL=CMD" "COMPILER=arm-none-eabi-gcc" "ARCHIVER=arm-none-eabi-ar" "COMPILER_FLAGS=  -O2 -c" "EXTRA_COMPILER_FLAGS=-mcpu=cortex-a9 -mfpu=vfpv3 -mfloat-abi=hard -nostartfiles -Wall -Wextra"
"Running Make include in ps7_cortexa9_0/libsrc/ddrps_v1_0/src"
make -C ps7_cortexa9_0/libsrc/ddrps_v1_0/src -s include  "SHELL=CMD" "COMPILER=arm-none-eabi-gcc" "ARCHIVER=arm-none-eabi-ar" "COMPILER_FLAGS=  -O2 -c" "EXTRA_COMPILER_FLAGS=-mcpu=cortex-a9 -mfpu=vfpv3 -mfloat-abi=hard -nostartfiles -Wall -Wextra"
"Running Make include in ps7_cortexa9_0/libsrc/devcfg_v3_5/src"
make -C ps7_cortexa9_0/libsrc/devcfg_v3_5/src -s include  "SHELL=CMD" "COMPILER=arm-none-eabi-gcc" "ARCHIVER=arm-none-eabi-ar" "COMPILER_FLAGS=  -O2 -c" "EXTRA_COMPILER_FLAGS=-mcpu=cortex-a9 -mfpu=vfpv3 -mfloat-abi=hard -nostartfiles -Wall -Wextra"
"Running Make include in ps7_cortexa9_0/libsrc/dmaps_v2_3/src"
make -C ps7_cortexa9_0/libsrc/dmaps_v2_3/src -s include  "SHELL=CMD" "COMPILER=arm-none-eabi-gcc" "ARCHIVER=arm-none-eabi-ar" "COMPILER_FLAGS=  -O2 -c" "EXTRA_COMPILER_FLAGS=-mcpu=cortex-a9 -mfpu=vfpv3 -mfloat-abi=hard -nostartfiles -Wall -Wextra"
"Running Make include in ps7_cortexa9_0/libsrc/emacps_v3_6/src"
make -C ps7_cortexa9_0/libsrc/emacps_v3_6/src -s include  "SHELL=CMD" "COMPILER=arm-none-eabi-gcc" "ARCHIVER=arm-none-eabi-ar" "COMPILER_FLAGS=  -O2 -c" "EXTRA_COMPILER_FLAGS=-mcpu=cortex-a9 -mfpu=vfpv3 -mfloat-abi=hard -nostartfiles -Wall -Wextra"
"Running Make include in ps7_cortexa9_0/libsrc/gpiops_v3_3/src"
make -C ps7_cortexa9_0/libsrc/gpiops_v3_3/src -s include  "SHELL=CMD" "COMPILER=arm-none-eabi-gcc" "ARCHIVER=arm-none-eabi-ar" "COMPILER_FLAGS=  -O2 -c" "EXTRA_COMPILER_FLAGS=-mcpu=cortex-a9 -mfpu=vfpv3 -mfloat-abi=hard -nostartfiles -Wall -Wextra"
"Running Make include in ps7_cortexa9_0/libsrc/qspips_v3_4/src"
make -C ps7_cortexa9_0/libsrc/qspips_v3_4/src -s include  "SHELL=CMD" "COMPILER=arm-none-eabi-gcc" "ARCHIVER=arm-none-eabi-ar" "COMPILER_FLAGS=  -O2 -c" "EXTRA_COMPILER_FLAGS=-mcpu=cortex-a9 -mfpu=vfpv3 -mfloat-abi=hard -nostartfiles -Wall -Wextra"
"Running Make include in ps7_cortexa9_0/libsrc/scugic_v3_8/src"
make -C ps7_cortexa9_0/libsrc/scugic_v3_8/src -s include  "SHELL=CMD" "COMPILER=arm-none-eabi-gcc" "ARCHIVER=arm-none-eabi-ar" "COMPILER_FLAGS=  -O2 -c" "EXTRA_COMPILER_FLAGS=-mcpu=cortex-a9 -mfpu=vfpv3 -mfloat-abi=hard -nostartfiles -Wall -Wextra"
"Running Make include in ps7_cortexa9_0/libsrc/scutimer_v2_1/src"
make -C ps7_cortexa9_0/libsrc/scutimer_v2_1/src -s include  "SHELL=CMD" "COMPILER=arm-none-eabi-gcc" "ARCHIVER=arm-none-eabi-ar" "COMPILER_FLAGS=  -O2 -c" "EXTRA_COMPILER_FLAGS=-mcpu=cortex-a9 -mfpu=vfpv3 -mfloat-abi=hard -nostartfiles -Wall -Wextra"
"Running Make include in ps7_cortexa9_0/libsrc/scuwdt_v2_1/src"
make -C ps7_cortexa9_0/libsrc/scuwdt_v2_1/src -s include  "SHELL=CMD" "COMPILER=arm-none-eabi-gcc" "ARCHIVER=arm-none-eabi-ar" "COMPILER_FLAGS=  -O2 -c" "EXTRA_COMPILER_FLAGS=-mcpu=cortex-a9 -mfpu=vfpv3 -mfloat-abi=hard -nostartfiles -Wall -Wextra"
"Running Make include in ps7_cortexa9_0/libsrc/sdps_v3_3/src"
make -C ps7_cortexa9_0/libsrc/sdps_v3_3/src -s include  "SHELL=CMD" "COMPILER=arm-none-eabi-gcc" "ARCHIVER=arm-none-eabi-ar" "COMPILER_FLAGS=  -O2 -c" "EXTRA_COMPILER_FLAGS=-mcpu=cortex-a9 -mfpu=vfpv3 -mfloat-abi=hard -nostartfiles -Wall -Wextra"
"Running Make include in ps7_cortexa9_0/libsrc/standalone_v6_5/src"
make -C ps7_cortexa9_0/libsrc/standalone_v6_5/src -s include  "SHELL=CMD" "COMPILER=arm-none-eabi-gcc" "ARCHIVER=arm-none-eabi-ar" "COMPILER_FLAGS=  -O2 -c" "EXTRA_COMPILER_FLAGS=-mcpu=cortex-a9 -mfpu=vfpv3 -mfloat-abi=hard -nostartfiles -Wall -Wextra"
"Running Make include in ps7_cortexa9_0/libsrc/ttcps_v3_5/src"
make -C ps7_cortexa9_0/libsrc/ttcps_v3_5/src -s include  "SHELL=CMD" "COMPILER=arm-none-eabi-gcc" "ARCHIVER=arm-none-eabi-ar" "COMPILER_FLAGS=  -O2 -c" "EXTRA_COMPILER_FLAGS=-mcpu=cortex-a9 -mfpu=vfpv3 -mfloat-abi=hard -nostartfiles -Wall -Wextra"
"Running Make include in ps7_cortexa9_0/libsrc/uartps_v3_5/src"
make -C ps7_cortexa9_0/libsrc/uartps_v3_5/src -s include  "SHELL=CMD" "COMPILER=arm-none-eabi-gcc" "ARCHIVER=arm-none-eabi-ar" "COMPILER_FLAGS=  -O2 -c" "EXTRA_COMPILER_FLAGS=-mcpu=cortex-a9 -mfpu=vfpv3 -mfloat-abi=hard -nostartfiles -Wall -Wextra"
"Running Make include in ps7_cortexa9_0/libsrc/usbps_v2_4/src"
make -C ps7_cortexa9_0/libsrc/usbps_v2_4/src -s include  "SHELL=CMD" "COMPILER=arm-none-eabi-gcc" "ARCHIVER=arm-none-eabi-ar" "COMPILER_FLAGS=  -O2 -c" "EXTRA_COMPILER_FLAGS=-mcpu=cortex-a9 -mfpu=vfpv3 -mfloat-abi=hard -nostartfiles -Wall -Wextra"
"Running Make include in ps7_cortexa9_0/libsrc/xadcps_v2_2/src"
make -C ps7_cortexa9_0/libsrc/xadcps_v2_2/src -s include  "SHELL=CMD" "COMPILER=arm-none-eabi-gcc" "ARCHIVER=arm-none-eabi-ar" "COMPILER_FLAGS=  -O2 -c" "EXTRA_COMPILER_FLAGS=-mcpu=cortex-a9 -mfpu=vfpv3 -mfloat-abi=hard -nostartfiles -Wall -Wextra"
"Running Make libs in ps7_cortexa9_0/libsrc/axidma_v9_5/src"
make -C ps7_cortexa9_0/libsrc/axidma_v9_5/src -s libs  "SHELL=CMD" "COMPILER=arm-none-eabi-gcc" "ARCHIVER=arm-none-eabi-ar" "COMPILER_FLAGS=  -O2 -c" "EXTRA_COMPILER_FLAGS=-mcpu=cortex-a9 -mfpu=vfpv3 -mfloat-abi=hard -nostartfiles -Wall -Wextra"
"Compiling axidma"
arm-none-eabi-ar: creating ../../../lib/libxil.a
"Running Make libs in ps7_cortexa9_0/libsrc/axivdma_v6_4/src"
make -C ps7_cortexa9_0/libsrc/axivdma_v6_4/src -s libs  "SHELL=CMD" "COMPILER=arm-none-eabi-gcc" "ARCHIVER=arm-none-eabi-ar" "COMPILER_FLAGS=  -O2 -c" "EXTRA_COMPILER_FLAGS=-mcpu=cortex-a9 -mfpu=vfpv3 -mfloat-abi=hard -nostartfiles -Wall -Wextra"
"Compiling axivdma"
"Running Make libs in ps7_cortexa9_0/libsrc/coresightps_dcc_v1_4/src"
make -C ps7_cortexa9_0/libsrc/coresightps_dcc_v1_4/src -s libs  "SHELL=CMD" "COMPILER=arm-none-eabi-gcc" "ARCHIVER=arm-none-eabi-ar" "COMPILER_FLAGS=  -O2 -c" "EXTRA_COMPILER_FLAGS=-mcpu=cortex-a9 -mfpu=vfpv3 -mfloat-abi=hard -nostartfiles -Wall -Wextra"
"Compiling coresightps_dcc"
"Running Make libs in ps7_cortexa9_0/libsrc/cpu_cortexa9_v2_5/src"
make -C ps7_cortexa9_0/libsrc/cpu_cortexa9_v2_5/src -s libs  "SHELL=CMD" "COMPILER=arm-none-eabi-gcc" "ARCHIVER=arm-none-eabi-ar" "COMPILER_FLAGS=  -O2 -c" "EXTRA_COMPILER_FLAGS=-mcpu=cortex-a9 -mfpu=vfpv3 -mfloat-abi=hard -nostartfiles -Wall -Wextra"
"Compiling cpu_cortexa9"
"Running Make libs in ps7_cortexa9_0/libsrc/ddrps_v1_0/src"
make -C ps7_cortexa9_0/libsrc/ddrps_v1_0/src -s libs  "SHELL=CMD" "COMPILER=arm-none-eabi-gcc" "ARCHIVER=arm-none-eabi-ar" "COMPILER_FLAGS=  -O2 -c" "EXTRA_COMPILER_FLAGS=-mcpu=cortex-a9 -mfpu=vfpv3 -mfloat-abi=hard -nostartfiles -Wall -Wextra"
"Compiling ddrps"
"Running Make libs in ps7_cortexa9_0/libsrc/devcfg_v3_5/src"
make -C ps7_cortexa9_0/libsrc/devcfg_v3_5/src -s libs  "SHELL=CMD" "COMPILER=arm-none-eabi-gcc" "ARCHIVER=arm-none-eabi-ar" "COMPILER_FLAGS=  -O2 -c" "EXTRA_COMPILER_FLAGS=-mcpu=cortex-a9 -mfpu=vfpv3 -mfloat-abi=hard -nostartfiles -Wall -Wextra"
"Compiling devcfg"
"Running Make libs in ps7_cortexa9_0/libsrc/dmaps_v2_3/src"
make -C ps7_cortexa9_0/libsrc/dmaps_v2_3/src -s libs  "SHELL=CMD" "COMPILER=arm-none-eabi-gcc" "ARCHIVER=arm-none-eabi-ar" "COMPILER_FLAGS=  -O2 -c" "EXTRA_COMPILER_FLAGS=-mcpu=cortex-a9 -mfpu=vfpv3 -mfloat-abi=hard -nostartfiles -Wall -Wextra"
"Compiling dmaps"
"Running Make libs in ps7_cortexa9_0/libsrc/emacps_v3_6/src"
make -C ps7_cortexa9_0/libsrc/emacps_v3_6/src -s libs  "SHELL=CMD" "COMPILER=arm-none-eabi-gcc" "ARCHIVER=arm-none-eabi-ar" "COMPILER_FLAGS=  -O2 -c" "EXTRA_COMPILER_FLAGS=-mcpu=cortex-a9 -mfpu=vfpv3 -mfloat-abi=hard -nostartfiles -Wall -Wextra"
"Compiling emacps"
"Running Make libs in ps7_cortexa9_0/libsrc/gpiops_v3_3/src"
make -C ps7_cortexa9_0/libsrc/gpiops_v3_3/src -s libs  "SHELL=CMD" "COMPILER=arm-none-eabi-gcc" "ARCHIVER=arm-none-eabi-ar" "COMPILER_FLAGS=  -O2 -c" "EXTRA_COMPILER_FLAGS=-mcpu=cortex-a9 -mfpu=vfpv3 -mfloat-abi=hard -nostartfiles -Wall -Wextra"
"Compiling gpiops"
"Running Make libs in ps7_cortexa9_0/libsrc/qspips_v3_4/src"
make -C ps7_cortexa9_0/libsrc/qspips_v3_4/src -s libs  "SHELL=CMD" "COMPILER=arm-none-eabi-gcc" "ARCHIVER=arm-none-eabi-ar" "COMPILER_FLAGS=  -O2 -c" "EXTRA_COMPILER_FLAGS=-mcpu=cortex-a9 -mfpu=vfpv3 -mfloat-abi=hard -nostartfiles -Wall -Wextra"
"Compiling qspips"
"Running Make libs in ps7_cortexa9_0/libsrc/scugic_v3_8/src"
make -C ps7_cortexa9_0/libsrc/scugic_v3_8/src -s libs  "SHELL=CMD" "COMPILER=arm-none-eabi-gcc" "ARCHIVER=arm-none-eabi-ar" "COMPILER_FLAGS=  -O2 -c" "EXTRA_COMPILER_FLAGS=-mcpu=cortex-a9 -mfpu=vfpv3 -mfloat-abi=hard -nostartfiles -Wall -Wextra"
"Compiling scugic"
"Running Make libs in ps7_cortexa9_0/libsrc/scutimer_v2_1/src"
make -C ps7_cortexa9_0/libsrc/scutimer_v2_1/src -s libs  "SHELL=CMD" "COMPILER=arm-none-eabi-gcc" "ARCHIVER=arm-none-eabi-ar" "COMPILER_FLAGS=  -O2 -c" "EXTRA_COMPILER_FLAGS=-mcpu=cortex-a9 -mfpu=vfpv3 -mfloat-abi=hard -nostartfiles -Wall -Wextra"
"Compiling scutimer"
"Running Make libs in ps7_cortexa9_0/libsrc/scuwdt_v2_1/src"
make -C ps7_cortexa9_0/libsrc/scuwdt_v2_1/src -s libs  "SHELL=CMD" "COMPILER=arm-none-eabi-gcc" "ARCHIVER=arm-none-eabi-ar" "COMPILER_FLAGS=  -O2 -c" "EXTRA_COMPILER_FLAGS=-mcpu=cortex-a9 -mfpu=vfpv3 -mfloat-abi=hard -nostartfiles -Wall -Wextra"
"Compiling scuwdt"
"Running Make libs in ps7_cortexa9_0/libsrc/sdps_v3_3/src"
make -C ps7_cortexa9_0/libsrc/sdps_v3_3/src -s libs  "SHELL=CMD" "COMPILER=arm-none-eabi-gcc" "ARCHIVER=arm-none-eabi-ar" "COMPILER_FLAGS=  -O2 -c" "EXTRA_COMPILER_FLAGS=-mcpu=cortex-a9 -mfpu=vfpv3 -mfloat-abi=hard -nostartfiles -Wall -Wextra"
"Compiling sdps"
"Running Make libs in ps7_cortexa9_0/libsrc/standalone_v6_5/src"
make -C ps7_cortexa9_0/libsrc/standalone_v6_5/src -s libs  "SHELL=CMD" "COMPILER=arm-none-eabi-gcc" "ARCHIVER=arm-none-eabi-ar" "COMPILER_FLAGS=  -O2 -c" "EXTRA_COMPILER_FLAGS=-mcpu=cortex-a9 -mfpu=vfpv3 -mfloat-abi=hard -nostartfiles -Wall -Wextra"
"Compiling standalone"
"Running Make libs in ps7_cortexa9_0/libsrc/ttcps_v3_5/src"
make -C ps7_cortexa9_0/libsrc/ttcps_v3_5/src -s libs  "SHELL=CMD" "COMPILER=arm-none-eabi-gcc" "ARCHIVER=arm-none-eabi-ar" "COMPILER_FLAGS=  -O2 -c" "EXTRA_COMPILER_FLAGS=-mcpu=cortex-a9 -mfpu=vfpv3 -mfloat-abi=hard -nostartfiles -Wall -Wextra"
"Compiling ttcps"
"Running Make libs in ps7_cortexa9_0/libsrc/uartps_v3_5/src"
make -C ps7_cortexa9_0/libsrc/uartps_v3_5/src -s libs  "SHELL=CMD" "COMPILER=arm-none-eabi-gcc" "ARCHIVER=arm-none-eabi-ar" "COMPILER_FLAGS=  -O2 -c" "EXTRA_COMPILER_FLAGS=-mcpu=cortex-a9 -mfpu=vfpv3 -mfloat-abi=hard -nostartfiles -Wall -Wextra"
"Compiling uartps"
"Running Make libs in ps7_cortexa9_0/libsrc/usbps_v2_4/src"
make -C ps7_cortexa9_0/libsrc/usbps_v2_4/src -s libs  "SHELL=CMD" "COMPILER=arm-none-eabi-gcc" "ARCHIVER=arm-none-eabi-ar" "COMPILER_FLAGS=  -O2 -c" "EXTRA_COMPILER_FLAGS=-mcpu=cortex-a9 -mfpu=vfpv3 -mfloat-abi=hard -nostartfiles -Wall -Wextra"
"Compiling usbps"
"Running Make libs in ps7_cortexa9_0/libsrc/xadcps_v2_2/src"
make -C ps7_cortexa9_0/libsrc/xadcps_v2_2/src -s libs  "SHELL=CMD" "COMPILER=arm-none-eabi-gcc" "ARCHIVER=arm-none-eabi-ar" "COMPILER_FLAGS=  -O2 -c" "EXTRA_COMPILER_FLAGS=-mcpu=cortex-a9 -mfpu=vfpv3 -mfloat-abi=hard -nostartfiles -Wall -Wextra"
"Compiling xadcps"
'Finished building libraries'
20:08:02 **** Build of configuration Debug for project videoImageTest ****
make pre-build main-build 
a9-linaro-pre-build-step
' '
'Building file: ../src/imageProcess.c'
'Invoking: ARM v7 gcc compiler'
arm-none-eabi-gcc -Wall -O0 -g3 -c -fmessage-length=0 -MT"src/imageProcess.o" -mcpu=cortex-a9 -mfpu=vfpv3 -mfloat-abi=hard -I../../videoImageTest_bsp/ps7_cortexa9_0/include -MMD -MP -MF"src/imageProcess.d" -MT"src/imageProcess.o" -o "src/imageProcess.o" "../src/imageProcess.c"
'Finished building: ../src/imageProcess.c'
' '
'Building file: ../src/videoImageProcessingTest.c'
'Invoking: ARM v7 gcc compiler'
arm-none-eabi-gcc -Wall -O0 -g3 -c -fmessage-length=0 -MT"src/videoImageProcessingTest.o" -mcpu=cortex-a9 -mfpu=vfpv3 -mfloat-abi=hard -I../../videoImageTest_bsp/ps7_cortexa9_0/include -MMD -MP -MF"src/videoImageProcessingTest.d" -MT"src/videoImageProcessingTest.o" -o "src/videoImageProcessingTest.o" "../src/videoImageProcessingTest.c"
../src/videoImageProcessingTest.c:18:15: fatal error: O.h: No such file or directory
 #include "O.h"
               ^
compilation terminated.
make: *** [src/videoImageProcessingTest.o] Error 1
20:08:27 **** Auto Build of configuration Debug for project videoImageTest ****
make pre-build main-build 
a9-linaro-pre-build-step
' '
'Building file: ../src/videoImageProcessingTest.c'
'Invoking: ARM v7 gcc compiler'
arm-none-eabi-gcc -Wall -O0 -g3 -c -fmessage-length=0 -MT"src/videoImageProcessingTest.o" -mcpu=cortex-a9 -mfpu=vfpv3 -mfloat-abi=hard -I../../videoImageTest_bsp/ps7_cortexa9_0/include -MMD -MP -MF"src/videoImageProcessingTest.d" -MT"src/videoImageProcessingTest.o" -o "src/videoImageProcessingTest.o" "../src/videoImageProcessingTest.c"
../src/videoImageProcessingTest.c:18:15: fatal error: O.h: No such file or directory
 #include "O.h"
               ^
compilation terminated.
make: *** [src/videoImageProcessingTest.o] Error 1
20:09:08 **** Auto Build of configuration Debug for project videoImageTest ****
make pre-build main-build 
a9-linaro-pre-build-step
' '
'Building file: ../src/videoImageProcessingTest.c'
'Invoking: ARM v7 gcc compiler'
arm-none-eabi-gcc -Wall -O0 -g3 -c -fmessage-length=0 -MT"src/videoImageProcessingTest.o" -mcpu=cortex-a9 -mfpu=vfpv3 -mfloat-abi=hard -I../../videoImageTest_bsp/ps7_cortexa9_0/include -MMD -MP -MF"src/videoImageProcessingTest.d" -MT"src/videoImageProcessingTest.o" -o "src/videoImageProcessingTest.o" "../src/videoImageProcessingTest.c"
../src/videoImageProcessingTest.c: In function 'main':
../src/videoImageProcessingTest.c:70:6: warning: 'status' may be used uninitialized in this function [-Wmaybe-uninitialized]
      xil_printf("DMA stopped with Status %d\n",status);
      ^~~~~~~~~~~~~~~~~~~~~~~~~~~~~~~~~~~~~~~~~~~~~~~~~
'Finished building: ../src/videoImageProcessingTest.c'
' '
'Building target: videoImageTest.elf'
'Invoking: ARM v7 gcc linker'
arm-none-eabi-gcc -mcpu=cortex-a9 -mfpu=vfpv3 -mfloat-abi=hard -Wl,-build-id=none -specs=Xilinx.spec -Wl,-T -Wl,../src/lscript.ld -L../../videoImageTest_bsp/ps7_cortexa9_0/lib -o "videoImageTest.elf"  ./src/imageProcess.o ./src/videoImageProcessingTest.o   -Wl,--start-group,-lxil,-lgcc,-lc,--end-group
'Finished building target: videoImageTest.elf'
' '
'Invoking: ARM v7 Print Size'
arm-none-eabi-size videoImageTest.elf  |tee "videoImageTest.elf.size"
   text	   data	    bss	    dec	    hex	filename
  48708	10371956	6243448	16664112	 fe4630	videoImageTest.elf
'Finished building: videoImageTest.elf.size'
' '
20:12:41 **** Auto Build of configuration Debug for project videoImageTest ****
make pre-build main-build 
a9-linaro-pre-build-step
' '
'Building file: ../src/videoImageProcessingTest.c'
'Invoking: ARM v7 gcc compiler'
arm-none-eabi-gcc -Wall -O0 -g3 -c -fmessage-length=0 -MT"src/videoImageProcessingTest.o" -mcpu=cortex-a9 -mfpu=vfpv3 -mfloat-abi=hard -I../../videoImageTest_bsp/ps7_cortexa9_0/include -MMD -MP -MF"src/videoImageProcessingTest.d" -MT"src/videoImageProcessingTest.o" -o "src/videoImageProcessingTest.o" "../src/videoImageProcessingTest.c"
'Finished building: ../src/videoImageProcessingTest.c'
' '
'Building target: videoImageTest.elf'
'Invoking: ARM v7 gcc linker'
arm-none-eabi-gcc -mcpu=cortex-a9 -mfpu=vfpv3 -mfloat-abi=hard -Wl,-build-id=none -specs=Xilinx.spec -Wl,-T -Wl,../src/lscript.ld -L../../videoImageTest_bsp/ps7_cortexa9_0/lib -o "videoImageTest.elf"  ./src/imageProcess.o ./src/videoImageProcessingTest.o   -Wl,--start-group,-lxil,-lgcc,-lc,--end-group
'Finished building target: videoImageTest.elf'
' '
'Invoking: ARM v7 Print Size'
arm-none-eabi-size videoImageTest.elf  |tee "videoImageTest.elf.size"
   text	   data	    bss	    dec	    hex	filename
  48616	10371956	6243448	16664020	 fe45d4	videoImageTest.elf
'Finished building: videoImageTest.elf.size'
' '
20:14:05 **** Auto Build of configuration Debug for project videoImageTest ****
make pre-build main-build 
a9-linaro-pre-build-step
' '
'Building file: ../src/videoImageProcessingTest.c'
'Invoking: ARM v7 gcc compiler'
arm-none-eabi-gcc -Wall -O0 -g3 -c -fmessage-length=0 -MT"src/videoImageProcessingTest.o" -mcpu=cortex-a9 -mfpu=vfpv3 -mfloat-abi=hard -I../../videoImageTest_bsp/ps7_cortexa9_0/include -MMD -MP -MF"src/videoImageProcessingTest.d" -MT"src/videoImageProcessingTest.o" -o "src/videoImageProcessingTest.o" "../src/videoImageProcessingTest.c"
../src/videoImageProcessingTest.c: In function 'main':
../src/videoImageProcessingTest.c:69:5: warning: implicit declaration of function 'XAxiDma_Start' [-Wimplicit-function-declaration]
     XAxiDma_Start(myImgProcess.DmaCtrlPointer);
     ^~~~~~~~~~~~~
'Finished building: ../src/videoImageProcessingTest.c'
' '
'Building target: videoImageTest.elf'
'Invoking: ARM v7 gcc linker'
arm-none-eabi-gcc -mcpu=cortex-a9 -mfpu=vfpv3 -mfloat-abi=hard -Wl,-build-id=none -specs=Xilinx.spec -Wl,-T -Wl,../src/lscript.ld -L../../videoImageTest_bsp/ps7_cortexa9_0/lib -o "videoImageTest.elf"  ./src/imageProcess.o ./src/videoImageProcessingTest.o   -Wl,--start-group,-lxil,-lgcc,-lc,--end-group
./src/videoImageProcessingTest.o: In function `main':
D:\GitCode\SketchSystem_Multi1080p\SketchSystem.sdk\videoImageTest\Debug/../src/videoImageProcessingTest.c:69: undefined reference to `XAxiDma_Start'
collect2.exe: error: ld returned 1 exit status
make: *** [videoImageTest.elf] Error 1
20:17:04 **** Auto Build of project videoImageTest_bsp ****
make -k all 
"Running Make include in ps7_cortexa9_0/libsrc/axidma_v9_5/src"
make -C ps7_cortexa9_0/libsrc/axidma_v9_5/src -s include  "SHELL=CMD" "COMPILER=arm-none-eabi-gcc" "ARCHIVER=arm-none-eabi-ar" "COMPILER_FLAGS=  -O2 -c" "EXTRA_COMPILER_FLAGS=-mcpu=cortex-a9 -mfpu=vfpv3 -mfloat-abi=hard -nostartfiles -Wall -Wextra"
"Running Make include in ps7_cortexa9_0/libsrc/axivdma_v6_4/src"
make -C ps7_cortexa9_0/libsrc/axivdma_v6_4/src -s include  "SHELL=CMD" "COMPILER=arm-none-eabi-gcc" "ARCHIVER=arm-none-eabi-ar" "COMPILER_FLAGS=  -O2 -c" "EXTRA_COMPILER_FLAGS=-mcpu=cortex-a9 -mfpu=vfpv3 -mfloat-abi=hard -nostartfiles -Wall -Wextra"
"Running Make include in ps7_cortexa9_0/libsrc/coresightps_dcc_v1_4/src"
make -C ps7_cortexa9_0/libsrc/coresightps_dcc_v1_4/src -s include  "SHELL=CMD" "COMPILER=arm-none-eabi-gcc" "ARCHIVER=arm-none-eabi-ar" "COMPILER_FLAGS=  -O2 -c" "EXTRA_COMPILER_FLAGS=-mcpu=cortex-a9 -mfpu=vfpv3 -mfloat-abi=hard -nostartfiles -Wall -Wextra"
"Running Make include in ps7_cortexa9_0/libsrc/cpu_cortexa9_v2_5/src"
make -C ps7_cortexa9_0/libsrc/cpu_cortexa9_v2_5/src -s include  "SHELL=CMD" "COMPILER=arm-none-eabi-gcc" "ARCHIVER=arm-none-eabi-ar" "COMPILER_FLAGS=  -O2 -c" "EXTRA_COMPILER_FLAGS=-mcpu=cortex-a9 -mfpu=vfpv3 -mfloat-abi=hard -nostartfiles -Wall -Wextra"
"Running Make include in ps7_cortexa9_0/libsrc/ddrps_v1_0/src"
make -C ps7_cortexa9_0/libsrc/ddrps_v1_0/src -s include  "SHELL=CMD" "COMPILER=arm-none-eabi-gcc" "ARCHIVER=arm-none-eabi-ar" "COMPILER_FLAGS=  -O2 -c" "EXTRA_COMPILER_FLAGS=-mcpu=cortex-a9 -mfpu=vfpv3 -mfloat-abi=hard -nostartfiles -Wall -Wextra"
"Running Make include in ps7_cortexa9_0/libsrc/devcfg_v3_5/src"
make -C ps7_cortexa9_0/libsrc/devcfg_v3_5/src -s include  "SHELL=CMD" "COMPILER=arm-none-eabi-gcc" "ARCHIVER=arm-none-eabi-ar" "COMPILER_FLAGS=  -O2 -c" "EXTRA_COMPILER_FLAGS=-mcpu=cortex-a9 -mfpu=vfpv3 -mfloat-abi=hard -nostartfiles -Wall -Wextra"
"Running Make include in ps7_cortexa9_0/libsrc/dmaps_v2_3/src"
make -C ps7_cortexa9_0/libsrc/dmaps_v2_3/src -s include  "SHELL=CMD" "COMPILER=arm-none-eabi-gcc" "ARCHIVER=arm-none-eabi-ar" "COMPILER_FLAGS=  -O2 -c" "EXTRA_COMPILER_FLAGS=-mcpu=cortex-a9 -mfpu=vfpv3 -mfloat-abi=hard -nostartfiles -Wall -Wextra"
"Running Make include in ps7_cortexa9_0/libsrc/emacps_v3_6/src"
make -C ps7_cortexa9_0/libsrc/emacps_v3_6/src -s include  "SHELL=CMD" "COMPILER=arm-none-eabi-gcc" "ARCHIVER=arm-none-eabi-ar" "COMPILER_FLAGS=  -O2 -c" "EXTRA_COMPILER_FLAGS=-mcpu=cortex-a9 -mfpu=vfpv3 -mfloat-abi=hard -nostartfiles -Wall -Wextra"
"Running Make include in ps7_cortexa9_0/libsrc/gpiops_v3_3/src"
make -C ps7_cortexa9_0/libsrc/gpiops_v3_3/src -s include  "SHELL=CMD" "COMPILER=arm-none-eabi-gcc" "ARCHIVER=arm-none-eabi-ar" "COMPILER_FLAGS=  -O2 -c" "EXTRA_COMPILER_FLAGS=-mcpu=cortex-a9 -mfpu=vfpv3 -mfloat-abi=hard -nostartfiles -Wall -Wextra"
"Running Make include in ps7_cortexa9_0/libsrc/qspips_v3_4/src"
make -C ps7_cortexa9_0/libsrc/qspips_v3_4/src -s include  "SHELL=CMD" "COMPILER=arm-none-eabi-gcc" "ARCHIVER=arm-none-eabi-ar" "COMPILER_FLAGS=  -O2 -c" "EXTRA_COMPILER_FLAGS=-mcpu=cortex-a9 -mfpu=vfpv3 -mfloat-abi=hard -nostartfiles -Wall -Wextra"
"Running Make include in ps7_cortexa9_0/libsrc/scugic_v3_8/src"
make -C ps7_cortexa9_0/libsrc/scugic_v3_8/src -s include  "SHELL=CMD" "COMPILER=arm-none-eabi-gcc" "ARCHIVER=arm-none-eabi-ar" "COMPILER_FLAGS=  -O2 -c" "EXTRA_COMPILER_FLAGS=-mcpu=cortex-a9 -mfpu=vfpv3 -mfloat-abi=hard -nostartfiles -Wall -Wextra"
"Running Make include in ps7_cortexa9_0/libsrc/scutimer_v2_1/src"
make -C ps7_cortexa9_0/libsrc/scutimer_v2_1/src -s include  "SHELL=CMD" "COMPILER=arm-none-eabi-gcc" "ARCHIVER=arm-none-eabi-ar" "COMPILER_FLAGS=  -O2 -c" "EXTRA_COMPILER_FLAGS=-mcpu=cortex-a9 -mfpu=vfpv3 -mfloat-abi=hard -nostartfiles -Wall -Wextra"
"Running Make include in ps7_cortexa9_0/libsrc/scuwdt_v2_1/src"
make -C ps7_cortexa9_0/libsrc/scuwdt_v2_1/src -s include  "SHELL=CMD" "COMPILER=arm-none-eabi-gcc" "ARCHIVER=arm-none-eabi-ar" "COMPILER_FLAGS=  -O2 -c" "EXTRA_COMPILER_FLAGS=-mcpu=cortex-a9 -mfpu=vfpv3 -mfloat-abi=hard -nostartfiles -Wall -Wextra"
"Running Make include in ps7_cortexa9_0/libsrc/sdps_v3_3/src"
make -C ps7_cortexa9_0/libsrc/sdps_v3_3/src -s include  "SHELL=CMD" "COMPILER=arm-none-eabi-gcc" "ARCHIVER=arm-none-eabi-ar" "COMPILER_FLAGS=  -O2 -c" "EXTRA_COMPILER_FLAGS=-mcpu=cortex-a9 -mfpu=vfpv3 -mfloat-abi=hard -nostartfiles -Wall -Wextra"
"Running Make include in ps7_cortexa9_0/libsrc/standalone_v6_5/src"
make -C ps7_cortexa9_0/libsrc/standalone_v6_5/src -s include  "SHELL=CMD" "COMPILER=arm-none-eabi-gcc" "ARCHIVER=arm-none-eabi-ar" "COMPILER_FLAGS=  -O2 -c" "EXTRA_COMPILER_FLAGS=-mcpu=cortex-a9 -mfpu=vfpv3 -mfloat-abi=hard -nostartfiles -Wall -Wextra"
"Running Make include in ps7_cortexa9_0/libsrc/ttcps_v3_5/src"
make -C ps7_cortexa9_0/libsrc/ttcps_v3_5/src -s include  "SHELL=CMD" "COMPILER=arm-none-eabi-gcc" "ARCHIVER=arm-none-eabi-ar" "COMPILER_FLAGS=  -O2 -c" "EXTRA_COMPILER_FLAGS=-mcpu=cortex-a9 -mfpu=vfpv3 -mfloat-abi=hard -nostartfiles -Wall -Wextra"
"Running Make include in ps7_cortexa9_0/libsrc/uartps_v3_5/src"
make -C ps7_cortexa9_0/libsrc/uartps_v3_5/src -s include  "SHELL=CMD" "COMPILER=arm-none-eabi-gcc" "ARCHIVER=arm-none-eabi-ar" "COMPILER_FLAGS=  -O2 -c" "EXTRA_COMPILER_FLAGS=-mcpu=cortex-a9 -mfpu=vfpv3 -mfloat-abi=hard -nostartfiles -Wall -Wextra"
"Running Make include in ps7_cortexa9_0/libsrc/usbps_v2_4/src"
make -C ps7_cortexa9_0/libsrc/usbps_v2_4/src -s include  "SHELL=CMD" "COMPILER=arm-none-eabi-gcc" "ARCHIVER=arm-none-eabi-ar" "COMPILER_FLAGS=  -O2 -c" "EXTRA_COMPILER_FLAGS=-mcpu=cortex-a9 -mfpu=vfpv3 -mfloat-abi=hard -nostartfiles -Wall -Wextra"
"Running Make include in ps7_cortexa9_0/libsrc/xadcps_v2_2/src"
make -C ps7_cortexa9_0/libsrc/xadcps_v2_2/src -s include  "SHELL=CMD" "COMPILER=arm-none-eabi-gcc" "ARCHIVER=arm-none-eabi-ar" "COMPILER_FLAGS=  -O2 -c" "EXTRA_COMPILER_FLAGS=-mcpu=cortex-a9 -mfpu=vfpv3 -mfloat-abi=hard -nostartfiles -Wall -Wextra"
"Running Make libs in ps7_cortexa9_0/libsrc/axidma_v9_5/src"
make -C ps7_cortexa9_0/libsrc/axidma_v9_5/src -s libs  "SHELL=CMD" "COMPILER=arm-none-eabi-gcc" "ARCHIVER=arm-none-eabi-ar" "COMPILER_FLAGS=  -O2 -c" "EXTRA_COMPILER_FLAGS=-mcpu=cortex-a9 -mfpu=vfpv3 -mfloat-abi=hard -nostartfiles -Wall -Wextra"
"Compiling axidma"
xaxidma.c: In function 'XAxiDma_Resume':
xaxidma.c:616:7: warning: implicit declaration of function 'XAxiDma_Started' [-Wimplicit-function-declaration]
  if (!XAxiDma_Started(InstancePtr)) {
       ^~~~~~~~~~~~~~~
xaxidma.c: At top level:
xaxidma.c:681:12: error: static declaration of 'XAxiDma_Started' follows non-static declaration
 static int XAxiDma_Started(XAxiDma * InstancePtr)
            ^~~~~~~~~~~~~~~
xaxidma.c:616:7: note: previous implicit declaration of 'XAxiDma_Started' was here
  if (!XAxiDma_Started(InstancePtr)) {
       ^~~~~~~~~~~~~~~
xaxidma.c:681:12: warning: 'XAxiDma_Started' defined but not used [-Wunused-function]
 static int XAxiDma_Started(XAxiDma * InstancePtr)
            ^~~~~~~~~~~~~~~
make[1]: *** [libs] Error 1
make: *** [ps7_cortexa9_0/libsrc/axidma_v9_5/src/make.libs] Error 2
"Running Make libs in ps7_cortexa9_0/libsrc/axivdma_v6_4/src"
make -C ps7_cortexa9_0/libsrc/axivdma_v6_4/src -s libs  "SHELL=CMD" "COMPILER=arm-none-eabi-gcc" "ARCHIVER=arm-none-eabi-ar" "COMPILER_FLAGS=  -O2 -c" "EXTRA_COMPILER_FLAGS=-mcpu=cortex-a9 -mfpu=vfpv3 -mfloat-abi=hard -nostartfiles -Wall -Wextra"
"Compiling axivdma"
"Running Make libs in ps7_cortexa9_0/libsrc/coresightps_dcc_v1_4/src"
make -C ps7_cortexa9_0/libsrc/coresightps_dcc_v1_4/src -s libs  "SHELL=CMD" "COMPILER=arm-none-eabi-gcc" "ARCHIVER=arm-none-eabi-ar" "COMPILER_FLAGS=  -O2 -c" "EXTRA_COMPILER_FLAGS=-mcpu=cortex-a9 -mfpu=vfpv3 -mfloat-abi=hard -nostartfiles -Wall -Wextra"
"Compiling coresightps_dcc"
"Running Make libs in ps7_cortexa9_0/libsrc/cpu_cortexa9_v2_5/src"
make -C ps7_cortexa9_0/libsrc/cpu_cortexa9_v2_5/src -s libs  "SHELL=CMD" "COMPILER=arm-none-eabi-gcc" "ARCHIVER=arm-none-eabi-ar" "COMPILER_FLAGS=  -O2 -c" "EXTRA_COMPILER_FLAGS=-mcpu=cortex-a9 -mfpu=vfpv3 -mfloat-abi=hard -nostartfiles -Wall -Wextra"
"Compiling cpu_cortexa9"
"Running Make libs in ps7_cortexa9_0/libsrc/ddrps_v1_0/src"
make -C ps7_cortexa9_0/libsrc/ddrps_v1_0/src -s libs  "SHELL=CMD" "COMPILER=arm-none-eabi-gcc" "ARCHIVER=arm-none-eabi-ar" "COMPILER_FLAGS=  -O2 -c" "EXTRA_COMPILER_FLAGS=-mcpu=cortex-a9 -mfpu=vfpv3 -mfloat-abi=hard -nostartfiles -Wall -Wextra"
"Compiling ddrps"
"Running Make libs in ps7_cortexa9_0/libsrc/devcfg_v3_5/src"
make -C ps7_cortexa9_0/libsrc/devcfg_v3_5/src -s libs  "SHELL=CMD" "COMPILER=arm-none-eabi-gcc" "ARCHIVER=arm-none-eabi-ar" "COMPILER_FLAGS=  -O2 -c" "EXTRA_COMPILER_FLAGS=-mcpu=cortex-a9 -mfpu=vfpv3 -mfloat-abi=hard -nostartfiles -Wall -Wextra"
"Compiling devcfg"
"Running Make libs in ps7_cortexa9_0/libsrc/dmaps_v2_3/src"
make -C ps7_cortexa9_0/libsrc/dmaps_v2_3/src -s libs  "SHELL=CMD" "COMPILER=arm-none-eabi-gcc" "ARCHIVER=arm-none-eabi-ar" "COMPILER_FLAGS=  -O2 -c" "EXTRA_COMPILER_FLAGS=-mcpu=cortex-a9 -mfpu=vfpv3 -mfloat-abi=hard -nostartfiles -Wall -Wextra"
"Compiling dmaps"
"Running Make libs in ps7_cortexa9_0/libsrc/emacps_v3_6/src"
make -C ps7_cortexa9_0/libsrc/emacps_v3_6/src -s libs  "SHELL=CMD" "COMPILER=arm-none-eabi-gcc" "ARCHIVER=arm-none-eabi-ar" "COMPILER_FLAGS=  -O2 -c" "EXTRA_COMPILER_FLAGS=-mcpu=cortex-a9 -mfpu=vfpv3 -mfloat-abi=hard -nostartfiles -Wall -Wextra"
"Compiling emacps"
"Running Make libs in ps7_cortexa9_0/libsrc/gpiops_v3_3/src"
make -C ps7_cortexa9_0/libsrc/gpiops_v3_3/src -s libs  "SHELL=CMD" "COMPILER=arm-none-eabi-gcc" "ARCHIVER=arm-none-eabi-ar" "COMPILER_FLAGS=  -O2 -c" "EXTRA_COMPILER_FLAGS=-mcpu=cortex-a9 -mfpu=vfpv3 -mfloat-abi=hard -nostartfiles -Wall -Wextra"
"Compiling gpiops"
"Running Make libs in ps7_cortexa9_0/libsrc/qspips_v3_4/src"
make -C ps7_cortexa9_0/libsrc/qspips_v3_4/src -s libs  "SHELL=CMD" "COMPILER=arm-none-eabi-gcc" "ARCHIVER=arm-none-eabi-ar" "COMPILER_FLAGS=  -O2 -c" "EXTRA_COMPILER_FLAGS=-mcpu=cortex-a9 -mfpu=vfpv3 -mfloat-abi=hard -nostartfiles -Wall -Wextra"
"Compiling qspips"
"Running Make libs in ps7_cortexa9_0/libsrc/scugic_v3_8/src"
make -C ps7_cortexa9_0/libsrc/scugic_v3_8/src -s libs  "SHELL=CMD" "COMPILER=arm-none-eabi-gcc" "ARCHIVER=arm-none-eabi-ar" "COMPILER_FLAGS=  -O2 -c" "EXTRA_COMPILER_FLAGS=-mcpu=cortex-a9 -mfpu=vfpv3 -mfloat-abi=hard -nostartfiles -Wall -Wextra"
"Compiling scugic"
"Running Make libs in ps7_cortexa9_0/libsrc/scutimer_v2_1/src"
make -C ps7_cortexa9_0/libsrc/scutimer_v2_1/src -s libs  "SHELL=CMD" "COMPILER=arm-none-eabi-gcc" "ARCHIVER=arm-none-eabi-ar" "COMPILER_FLAGS=  -O2 -c" "EXTRA_COMPILER_FLAGS=-mcpu=cortex-a9 -mfpu=vfpv3 -mfloat-abi=hard -nostartfiles -Wall -Wextra"
"Compiling scutimer"
"Running Make libs in ps7_cortexa9_0/libsrc/scuwdt_v2_1/src"
make -C ps7_cortexa9_0/libsrc/scuwdt_v2_1/src -s libs  "SHELL=CMD" "COMPILER=arm-none-eabi-gcc" "ARCHIVER=arm-none-eabi-ar" "COMPILER_FLAGS=  -O2 -c" "EXTRA_COMPILER_FLAGS=-mcpu=cortex-a9 -mfpu=vfpv3 -mfloat-abi=hard -nostartfiles -Wall -Wextra"
"Compiling scuwdt"
"Running Make libs in ps7_cortexa9_0/libsrc/sdps_v3_3/src"
make -C ps7_cortexa9_0/libsrc/sdps_v3_3/src -s libs  "SHELL=CMD" "COMPILER=arm-none-eabi-gcc" "ARCHIVER=arm-none-eabi-ar" "COMPILER_FLAGS=  -O2 -c" "EXTRA_COMPILER_FLAGS=-mcpu=cortex-a9 -mfpu=vfpv3 -mfloat-abi=hard -nostartfiles -Wall -Wextra"
"Compiling sdps"
"Running Make libs in ps7_cortexa9_0/libsrc/standalone_v6_5/src"
make -C ps7_cortexa9_0/libsrc/standalone_v6_5/src -s libs  "SHELL=CMD" "COMPILER=arm-none-eabi-gcc" "ARCHIVER=arm-none-eabi-ar" "COMPILER_FLAGS=  -O2 -c" "EXTRA_COMPILER_FLAGS=-mcpu=cortex-a9 -mfpu=vfpv3 -mfloat-abi=hard -nostartfiles -Wall -Wextra"
"Compiling standalone"
"Running Make libs in ps7_cortexa9_0/libsrc/ttcps_v3_5/src"
make -C ps7_cortexa9_0/libsrc/ttcps_v3_5/src -s libs  "SHELL=CMD" "COMPILER=arm-none-eabi-gcc" "ARCHIVER=arm-none-eabi-ar" "COMPILER_FLAGS=  -O2 -c" "EXTRA_COMPILER_FLAGS=-mcpu=cortex-a9 -mfpu=vfpv3 -mfloat-abi=hard -nostartfiles -Wall -Wextra"
"Compiling ttcps"
"Running Make libs in ps7_cortexa9_0/libsrc/uartps_v3_5/src"
make -C ps7_cortexa9_0/libsrc/uartps_v3_5/src -s libs  "SHELL=CMD" "COMPILER=arm-none-eabi-gcc" "ARCHIVER=arm-none-eabi-ar" "COMPILER_FLAGS=  -O2 -c" "EXTRA_COMPILER_FLAGS=-mcpu=cortex-a9 -mfpu=vfpv3 -mfloat-abi=hard -nostartfiles -Wall -Wextra"
"Compiling uartps"
"Running Make libs in ps7_cortexa9_0/libsrc/usbps_v2_4/src"
make -C ps7_cortexa9_0/libsrc/usbps_v2_4/src -s libs  "SHELL=CMD" "COMPILER=arm-none-eabi-gcc" "ARCHIVER=arm-none-eabi-ar" "COMPILER_FLAGS=  -O2 -c" "EXTRA_COMPILER_FLAGS=-mcpu=cortex-a9 -mfpu=vfpv3 -mfloat-abi=hard -nostartfiles -Wall -Wextra"
"Compiling usbps"
"Running Make libs in ps7_cortexa9_0/libsrc/xadcps_v2_2/src"
make -C ps7_cortexa9_0/libsrc/xadcps_v2_2/src -s libs  "SHELL=CMD" "COMPILER=arm-none-eabi-gcc" "ARCHIVER=arm-none-eabi-ar" "COMPILER_FLAGS=  -O2 -c" "EXTRA_COMPILER_FLAGS=-mcpu=cortex-a9 -mfpu=vfpv3 -mfloat-abi=hard -nostartfiles -Wall -Wextra"
"Compiling xadcps"
make: Target `all' not remade because of errors.
20:17:40 **** Auto Build of configuration Debug for project videoImageTest ****
make pre-build main-build 
a9-linaro-pre-build-step
' '
'Building file: ../src/imageProcess.c'
'Invoking: ARM v7 gcc compiler'
arm-none-eabi-gcc -Wall -O0 -g3 -c -fmessage-length=0 -MT"src/imageProcess.o" -mcpu=cortex-a9 -mfpu=vfpv3 -mfloat-abi=hard -I../../videoImageTest_bsp/ps7_cortexa9_0/include -MMD -MP -MF"src/imageProcess.d" -MT"src/imageProcess.o" -o "src/imageProcess.o" "../src/imageProcess.c"
'Finished building: ../src/imageProcess.c'
' '
'Building file: ../src/videoImageProcessingTest.c'
'Invoking: ARM v7 gcc compiler'
arm-none-eabi-gcc -Wall -O0 -g3 -c -fmessage-length=0 -MT"src/videoImageProcessingTest.o" -mcpu=cortex-a9 -mfpu=vfpv3 -mfloat-abi=hard -I../../videoImageTest_bsp/ps7_cortexa9_0/include -MMD -MP -MF"src/videoImageProcessingTest.d" -MT"src/videoImageProcessingTest.o" -o "src/videoImageProcessingTest.o" "../src/videoImageProcessingTest.c"
../src/videoImageProcessingTest.c: In function 'main':
../src/videoImageProcessingTest.c:69:5: warning: implicit declaration of function 'XAxiDma_Start' [-Wimplicit-function-declaration]
     XAxiDma_Start(myImgProcess.DmaCtrlPointer);
     ^~~~~~~~~~~~~
'Finished building: ../src/videoImageProcessingTest.c'
' '
'Building target: videoImageTest.elf'
'Invoking: ARM v7 gcc linker'
arm-none-eabi-gcc -mcpu=cortex-a9 -mfpu=vfpv3 -mfloat-abi=hard -Wl,-build-id=none -specs=Xilinx.spec -Wl,-T -Wl,../src/lscript.ld -L../../videoImageTest_bsp/ps7_cortexa9_0/lib -o "videoImageTest.elf"  ./src/imageProcess.o ./src/videoImageProcessingTest.o   -Wl,--start-group,-lxil,-lgcc,-lc,--end-group
./src/videoImageProcessingTest.o: In function `main':
D:\GitCode\SketchSystem_Multi1080p\SketchSystem.sdk\videoImageTest\Debug/../src/videoImageProcessingTest.c:69: undefined reference to `XAxiDma_Start'
collect2.exe: error: ld returned 1 exit status
make: *** [videoImageTest.elf] Error 1
20:18:57 **** Auto Build of project videoImageTest_bsp ****
make -k all 
"Running Make include in ps7_cortexa9_0/libsrc/axidma_v9_5/src"
make -C ps7_cortexa9_0/libsrc/axidma_v9_5/src -s include  "SHELL=CMD" "COMPILER=arm-none-eabi-gcc" "ARCHIVER=arm-none-eabi-ar" "COMPILER_FLAGS=  -O2 -c" "EXTRA_COMPILER_FLAGS=-mcpu=cortex-a9 -mfpu=vfpv3 -mfloat-abi=hard -nostartfiles -Wall -Wextra"
"Running Make include in ps7_cortexa9_0/libsrc/axivdma_v6_4/src"
make -C ps7_cortexa9_0/libsrc/axivdma_v6_4/src -s include  "SHELL=CMD" "COMPILER=arm-none-eabi-gcc" "ARCHIVER=arm-none-eabi-ar" "COMPILER_FLAGS=  -O2 -c" "EXTRA_COMPILER_FLAGS=-mcpu=cortex-a9 -mfpu=vfpv3 -mfloat-abi=hard -nostartfiles -Wall -Wextra"
"Running Make include in ps7_cortexa9_0/libsrc/coresightps_dcc_v1_4/src"
make -C ps7_cortexa9_0/libsrc/coresightps_dcc_v1_4/src -s include  "SHELL=CMD" "COMPILER=arm-none-eabi-gcc" "ARCHIVER=arm-none-eabi-ar" "COMPILER_FLAGS=  -O2 -c" "EXTRA_COMPILER_FLAGS=-mcpu=cortex-a9 -mfpu=vfpv3 -mfloat-abi=hard -nostartfiles -Wall -Wextra"
"Running Make include in ps7_cortexa9_0/libsrc/cpu_cortexa9_v2_5/src"
make -C ps7_cortexa9_0/libsrc/cpu_cortexa9_v2_5/src -s include  "SHELL=CMD" "COMPILER=arm-none-eabi-gcc" "ARCHIVER=arm-none-eabi-ar" "COMPILER_FLAGS=  -O2 -c" "EXTRA_COMPILER_FLAGS=-mcpu=cortex-a9 -mfpu=vfpv3 -mfloat-abi=hard -nostartfiles -Wall -Wextra"
"Running Make include in ps7_cortexa9_0/libsrc/ddrps_v1_0/src"
make -C ps7_cortexa9_0/libsrc/ddrps_v1_0/src -s include  "SHELL=CMD" "COMPILER=arm-none-eabi-gcc" "ARCHIVER=arm-none-eabi-ar" "COMPILER_FLAGS=  -O2 -c" "EXTRA_COMPILER_FLAGS=-mcpu=cortex-a9 -mfpu=vfpv3 -mfloat-abi=hard -nostartfiles -Wall -Wextra"
"Running Make include in ps7_cortexa9_0/libsrc/devcfg_v3_5/src"
make -C ps7_cortexa9_0/libsrc/devcfg_v3_5/src -s include  "SHELL=CMD" "COMPILER=arm-none-eabi-gcc" "ARCHIVER=arm-none-eabi-ar" "COMPILER_FLAGS=  -O2 -c" "EXTRA_COMPILER_FLAGS=-mcpu=cortex-a9 -mfpu=vfpv3 -mfloat-abi=hard -nostartfiles -Wall -Wextra"
"Running Make include in ps7_cortexa9_0/libsrc/dmaps_v2_3/src"
make -C ps7_cortexa9_0/libsrc/dmaps_v2_3/src -s include  "SHELL=CMD" "COMPILER=arm-none-eabi-gcc" "ARCHIVER=arm-none-eabi-ar" "COMPILER_FLAGS=  -O2 -c" "EXTRA_COMPILER_FLAGS=-mcpu=cortex-a9 -mfpu=vfpv3 -mfloat-abi=hard -nostartfiles -Wall -Wextra"
"Running Make include in ps7_cortexa9_0/libsrc/emacps_v3_6/src"
make -C ps7_cortexa9_0/libsrc/emacps_v3_6/src -s include  "SHELL=CMD" "COMPILER=arm-none-eabi-gcc" "ARCHIVER=arm-none-eabi-ar" "COMPILER_FLAGS=  -O2 -c" "EXTRA_COMPILER_FLAGS=-mcpu=cortex-a9 -mfpu=vfpv3 -mfloat-abi=hard -nostartfiles -Wall -Wextra"
"Running Make include in ps7_cortexa9_0/libsrc/gpiops_v3_3/src"
make -C ps7_cortexa9_0/libsrc/gpiops_v3_3/src -s include  "SHELL=CMD" "COMPILER=arm-none-eabi-gcc" "ARCHIVER=arm-none-eabi-ar" "COMPILER_FLAGS=  -O2 -c" "EXTRA_COMPILER_FLAGS=-mcpu=cortex-a9 -mfpu=vfpv3 -mfloat-abi=hard -nostartfiles -Wall -Wextra"
"Running Make include in ps7_cortexa9_0/libsrc/qspips_v3_4/src"
make -C ps7_cortexa9_0/libsrc/qspips_v3_4/src -s include  "SHELL=CMD" "COMPILER=arm-none-eabi-gcc" "ARCHIVER=arm-none-eabi-ar" "COMPILER_FLAGS=  -O2 -c" "EXTRA_COMPILER_FLAGS=-mcpu=cortex-a9 -mfpu=vfpv3 -mfloat-abi=hard -nostartfiles -Wall -Wextra"
"Running Make include in ps7_cortexa9_0/libsrc/scugic_v3_8/src"
make -C ps7_cortexa9_0/libsrc/scugic_v3_8/src -s include  "SHELL=CMD" "COMPILER=arm-none-eabi-gcc" "ARCHIVER=arm-none-eabi-ar" "COMPILER_FLAGS=  -O2 -c" "EXTRA_COMPILER_FLAGS=-mcpu=cortex-a9 -mfpu=vfpv3 -mfloat-abi=hard -nostartfiles -Wall -Wextra"
"Running Make include in ps7_cortexa9_0/libsrc/scutimer_v2_1/src"
make -C ps7_cortexa9_0/libsrc/scutimer_v2_1/src -s include  "SHELL=CMD" "COMPILER=arm-none-eabi-gcc" "ARCHIVER=arm-none-eabi-ar" "COMPILER_FLAGS=  -O2 -c" "EXTRA_COMPILER_FLAGS=-mcpu=cortex-a9 -mfpu=vfpv3 -mfloat-abi=hard -nostartfiles -Wall -Wextra"
"Running Make include in ps7_cortexa9_0/libsrc/scuwdt_v2_1/src"
make -C ps7_cortexa9_0/libsrc/scuwdt_v2_1/src -s include  "SHELL=CMD" "COMPILER=arm-none-eabi-gcc" "ARCHIVER=arm-none-eabi-ar" "COMPILER_FLAGS=  -O2 -c" "EXTRA_COMPILER_FLAGS=-mcpu=cortex-a9 -mfpu=vfpv3 -mfloat-abi=hard -nostartfiles -Wall -Wextra"
"Running Make include in ps7_cortexa9_0/libsrc/sdps_v3_3/src"
make -C ps7_cortexa9_0/libsrc/sdps_v3_3/src -s include  "SHELL=CMD" "COMPILER=arm-none-eabi-gcc" "ARCHIVER=arm-none-eabi-ar" "COMPILER_FLAGS=  -O2 -c" "EXTRA_COMPILER_FLAGS=-mcpu=cortex-a9 -mfpu=vfpv3 -mfloat-abi=hard -nostartfiles -Wall -Wextra"
"Running Make include in ps7_cortexa9_0/libsrc/standalone_v6_5/src"
make -C ps7_cortexa9_0/libsrc/standalone_v6_5/src -s include  "SHELL=CMD" "COMPILER=arm-none-eabi-gcc" "ARCHIVER=arm-none-eabi-ar" "COMPILER_FLAGS=  -O2 -c" "EXTRA_COMPILER_FLAGS=-mcpu=cortex-a9 -mfpu=vfpv3 -mfloat-abi=hard -nostartfiles -Wall -Wextra"
"Running Make include in ps7_cortexa9_0/libsrc/ttcps_v3_5/src"
make -C ps7_cortexa9_0/libsrc/ttcps_v3_5/src -s include  "SHELL=CMD" "COMPILER=arm-none-eabi-gcc" "ARCHIVER=arm-none-eabi-ar" "COMPILER_FLAGS=  -O2 -c" "EXTRA_COMPILER_FLAGS=-mcpu=cortex-a9 -mfpu=vfpv3 -mfloat-abi=hard -nostartfiles -Wall -Wextra"
"Running Make include in ps7_cortexa9_0/libsrc/uartps_v3_5/src"
make -C ps7_cortexa9_0/libsrc/uartps_v3_5/src -s include  "SHELL=CMD" "COMPILER=arm-none-eabi-gcc" "ARCHIVER=arm-none-eabi-ar" "COMPILER_FLAGS=  -O2 -c" "EXTRA_COMPILER_FLAGS=-mcpu=cortex-a9 -mfpu=vfpv3 -mfloat-abi=hard -nostartfiles -Wall -Wextra"
"Running Make include in ps7_cortexa9_0/libsrc/usbps_v2_4/src"
make -C ps7_cortexa9_0/libsrc/usbps_v2_4/src -s include  "SHELL=CMD" "COMPILER=arm-none-eabi-gcc" "ARCHIVER=arm-none-eabi-ar" "COMPILER_FLAGS=  -O2 -c" "EXTRA_COMPILER_FLAGS=-mcpu=cortex-a9 -mfpu=vfpv3 -mfloat-abi=hard -nostartfiles -Wall -Wextra"
"Running Make include in ps7_cortexa9_0/libsrc/xadcps_v2_2/src"
make -C ps7_cortexa9_0/libsrc/xadcps_v2_2/src -s include  "SHELL=CMD" "COMPILER=arm-none-eabi-gcc" "ARCHIVER=arm-none-eabi-ar" "COMPILER_FLAGS=  -O2 -c" "EXTRA_COMPILER_FLAGS=-mcpu=cortex-a9 -mfpu=vfpv3 -mfloat-abi=hard -nostartfiles -Wall -Wextra"
"Running Make libs in ps7_cortexa9_0/libsrc/axidma_v9_5/src"
make -C ps7_cortexa9_0/libsrc/axidma_v9_5/src -s libs  "SHELL=CMD" "COMPILER=arm-none-eabi-gcc" "ARCHIVER=arm-none-eabi-ar" "COMPILER_FLAGS=  -O2 -c" "EXTRA_COMPILER_FLAGS=-mcpu=cortex-a9 -mfpu=vfpv3 -mfloat-abi=hard -nostartfiles -Wall -Wextra"
"Compiling axidma"
"Running Make libs in ps7_cortexa9_0/libsrc/axivdma_v6_4/src"
make -C ps7_cortexa9_0/libsrc/axivdma_v6_4/src -s libs  "SHELL=CMD" "COMPILER=arm-none-eabi-gcc" "ARCHIVER=arm-none-eabi-ar" "COMPILER_FLAGS=  -O2 -c" "EXTRA_COMPILER_FLAGS=-mcpu=cortex-a9 -mfpu=vfpv3 -mfloat-abi=hard -nostartfiles -Wall -Wextra"
"Compiling axivdma"
"Running Make libs in ps7_cortexa9_0/libsrc/coresightps_dcc_v1_4/src"
make -C ps7_cortexa9_0/libsrc/coresightps_dcc_v1_4/src -s libs  "SHELL=CMD" "COMPILER=arm-none-eabi-gcc" "ARCHIVER=arm-none-eabi-ar" "COMPILER_FLAGS=  -O2 -c" "EXTRA_COMPILER_FLAGS=-mcpu=cortex-a9 -mfpu=vfpv3 -mfloat-abi=hard -nostartfiles -Wall -Wextra"
"Compiling coresightps_dcc"
"Running Make libs in ps7_cortexa9_0/libsrc/cpu_cortexa9_v2_5/src"
make -C ps7_cortexa9_0/libsrc/cpu_cortexa9_v2_5/src -s libs  "SHELL=CMD" "COMPILER=arm-none-eabi-gcc" "ARCHIVER=arm-none-eabi-ar" "COMPILER_FLAGS=  -O2 -c" "EXTRA_COMPILER_FLAGS=-mcpu=cortex-a9 -mfpu=vfpv3 -mfloat-abi=hard -nostartfiles -Wall -Wextra"
"Compiling cpu_cortexa9"
"Running Make libs in ps7_cortexa9_0/libsrc/ddrps_v1_0/src"
make -C ps7_cortexa9_0/libsrc/ddrps_v1_0/src -s libs  "SHELL=CMD" "COMPILER=arm-none-eabi-gcc" "ARCHIVER=arm-none-eabi-ar" "COMPILER_FLAGS=  -O2 -c" "EXTRA_COMPILER_FLAGS=-mcpu=cortex-a9 -mfpu=vfpv3 -mfloat-abi=hard -nostartfiles -Wall -Wextra"
"Compiling ddrps"
"Running Make libs in ps7_cortexa9_0/libsrc/devcfg_v3_5/src"
make -C ps7_cortexa9_0/libsrc/devcfg_v3_5/src -s libs  "SHELL=CMD" "COMPILER=arm-none-eabi-gcc" "ARCHIVER=arm-none-eabi-ar" "COMPILER_FLAGS=  -O2 -c" "EXTRA_COMPILER_FLAGS=-mcpu=cortex-a9 -mfpu=vfpv3 -mfloat-abi=hard -nostartfiles -Wall -Wextra"
"Compiling devcfg"
"Running Make libs in ps7_cortexa9_0/libsrc/dmaps_v2_3/src"
make -C ps7_cortexa9_0/libsrc/dmaps_v2_3/src -s libs  "SHELL=CMD" "COMPILER=arm-none-eabi-gcc" "ARCHIVER=arm-none-eabi-ar" "COMPILER_FLAGS=  -O2 -c" "EXTRA_COMPILER_FLAGS=-mcpu=cortex-a9 -mfpu=vfpv3 -mfloat-abi=hard -nostartfiles -Wall -Wextra"
"Compiling dmaps"
"Running Make libs in ps7_cortexa9_0/libsrc/emacps_v3_6/src"
make -C ps7_cortexa9_0/libsrc/emacps_v3_6/src -s libs  "SHELL=CMD" "COMPILER=arm-none-eabi-gcc" "ARCHIVER=arm-none-eabi-ar" "COMPILER_FLAGS=  -O2 -c" "EXTRA_COMPILER_FLAGS=-mcpu=cortex-a9 -mfpu=vfpv3 -mfloat-abi=hard -nostartfiles -Wall -Wextra"
"Compiling emacps"
"Running Make libs in ps7_cortexa9_0/libsrc/gpiops_v3_3/src"
make -C ps7_cortexa9_0/libsrc/gpiops_v3_3/src -s libs  "SHELL=CMD" "COMPILER=arm-none-eabi-gcc" "ARCHIVER=arm-none-eabi-ar" "COMPILER_FLAGS=  -O2 -c" "EXTRA_COMPILER_FLAGS=-mcpu=cortex-a9 -mfpu=vfpv3 -mfloat-abi=hard -nostartfiles -Wall -Wextra"
"Compiling gpiops"
"Running Make libs in ps7_cortexa9_0/libsrc/qspips_v3_4/src"
make -C ps7_cortexa9_0/libsrc/qspips_v3_4/src -s libs  "SHELL=CMD" "COMPILER=arm-none-eabi-gcc" "ARCHIVER=arm-none-eabi-ar" "COMPILER_FLAGS=  -O2 -c" "EXTRA_COMPILER_FLAGS=-mcpu=cortex-a9 -mfpu=vfpv3 -mfloat-abi=hard -nostartfiles -Wall -Wextra"
"Compiling qspips"
"Running Make libs in ps7_cortexa9_0/libsrc/scugic_v3_8/src"
make -C ps7_cortexa9_0/libsrc/scugic_v3_8/src -s libs  "SHELL=CMD" "COMPILER=arm-none-eabi-gcc" "ARCHIVER=arm-none-eabi-ar" "COMPILER_FLAGS=  -O2 -c" "EXTRA_COMPILER_FLAGS=-mcpu=cortex-a9 -mfpu=vfpv3 -mfloat-abi=hard -nostartfiles -Wall -Wextra"
"Compiling scugic"
"Running Make libs in ps7_cortexa9_0/libsrc/scutimer_v2_1/src"
make -C ps7_cortexa9_0/libsrc/scutimer_v2_1/src -s libs  "SHELL=CMD" "COMPILER=arm-none-eabi-gcc" "ARCHIVER=arm-none-eabi-ar" "COMPILER_FLAGS=  -O2 -c" "EXTRA_COMPILER_FLAGS=-mcpu=cortex-a9 -mfpu=vfpv3 -mfloat-abi=hard -nostartfiles -Wall -Wextra"
"Compiling scutimer"
"Running Make libs in ps7_cortexa9_0/libsrc/scuwdt_v2_1/src"
make -C ps7_cortexa9_0/libsrc/scuwdt_v2_1/src -s libs  "SHELL=CMD" "COMPILER=arm-none-eabi-gcc" "ARCHIVER=arm-none-eabi-ar" "COMPILER_FLAGS=  -O2 -c" "EXTRA_COMPILER_FLAGS=-mcpu=cortex-a9 -mfpu=vfpv3 -mfloat-abi=hard -nostartfiles -Wall -Wextra"
"Compiling scuwdt"
"Running Make libs in ps7_cortexa9_0/libsrc/sdps_v3_3/src"
make -C ps7_cortexa9_0/libsrc/sdps_v3_3/src -s libs  "SHELL=CMD" "COMPILER=arm-none-eabi-gcc" "ARCHIVER=arm-none-eabi-ar" "COMPILER_FLAGS=  -O2 -c" "EXTRA_COMPILER_FLAGS=-mcpu=cortex-a9 -mfpu=vfpv3 -mfloat-abi=hard -nostartfiles -Wall -Wextra"
"Compiling sdps"
"Running Make libs in ps7_cortexa9_0/libsrc/standalone_v6_5/src"
make -C ps7_cortexa9_0/libsrc/standalone_v6_5/src -s libs  "SHELL=CMD" "COMPILER=arm-none-eabi-gcc" "ARCHIVER=arm-none-eabi-ar" "COMPILER_FLAGS=  -O2 -c" "EXTRA_COMPILER_FLAGS=-mcpu=cortex-a9 -mfpu=vfpv3 -mfloat-abi=hard -nostartfiles -Wall -Wextra"
"Compiling standalone"
"Running Make libs in ps7_cortexa9_0/libsrc/ttcps_v3_5/src"
make -C ps7_cortexa9_0/libsrc/ttcps_v3_5/src -s libs  "SHELL=CMD" "COMPILER=arm-none-eabi-gcc" "ARCHIVER=arm-none-eabi-ar" "COMPILER_FLAGS=  -O2 -c" "EXTRA_COMPILER_FLAGS=-mcpu=cortex-a9 -mfpu=vfpv3 -mfloat-abi=hard -nostartfiles -Wall -Wextra"
"Compiling ttcps"
"Running Make libs in ps7_cortexa9_0/libsrc/uartps_v3_5/src"
make -C ps7_cortexa9_0/libsrc/uartps_v3_5/src -s libs  "SHELL=CMD" "COMPILER=arm-none-eabi-gcc" "ARCHIVER=arm-none-eabi-ar" "COMPILER_FLAGS=  -O2 -c" "EXTRA_COMPILER_FLAGS=-mcpu=cortex-a9 -mfpu=vfpv3 -mfloat-abi=hard -nostartfiles -Wall -Wextra"
"Compiling uartps"
"Running Make libs in ps7_cortexa9_0/libsrc/usbps_v2_4/src"
make -C ps7_cortexa9_0/libsrc/usbps_v2_4/src -s libs  "SHELL=CMD" "COMPILER=arm-none-eabi-gcc" "ARCHIVER=arm-none-eabi-ar" "COMPILER_FLAGS=  -O2 -c" "EXTRA_COMPILER_FLAGS=-mcpu=cortex-a9 -mfpu=vfpv3 -mfloat-abi=hard -nostartfiles -Wall -Wextra"
"Compiling usbps"
"Running Make libs in ps7_cortexa9_0/libsrc/xadcps_v2_2/src"
make -C ps7_cortexa9_0/libsrc/xadcps_v2_2/src -s libs  "SHELL=CMD" "COMPILER=arm-none-eabi-gcc" "ARCHIVER=arm-none-eabi-ar" "COMPILER_FLAGS=  -O2 -c" "EXTRA_COMPILER_FLAGS=-mcpu=cortex-a9 -mfpu=vfpv3 -mfloat-abi=hard -nostartfiles -Wall -Wextra"
"Compiling xadcps"
'Finished building libraries'
20:19:34 **** Auto Build of configuration Debug for project videoImageTest ****
make pre-build main-build 
a9-linaro-pre-build-step
' '
'Building file: ../src/imageProcess.c'
'Invoking: ARM v7 gcc compiler'
arm-none-eabi-gcc -Wall -O0 -g3 -c -fmessage-length=0 -MT"src/imageProcess.o" -mcpu=cortex-a9 -mfpu=vfpv3 -mfloat-abi=hard -I../../videoImageTest_bsp/ps7_cortexa9_0/include -MMD -MP -MF"src/imageProcess.d" -MT"src/imageProcess.o" -o "src/imageProcess.o" "../src/imageProcess.c"
'Finished building: ../src/imageProcess.c'
' '
'Building file: ../src/videoImageProcessingTest.c'
'Invoking: ARM v7 gcc compiler'
arm-none-eabi-gcc -Wall -O0 -g3 -c -fmessage-length=0 -MT"src/videoImageProcessingTest.o" -mcpu=cortex-a9 -mfpu=vfpv3 -mfloat-abi=hard -I../../videoImageTest_bsp/ps7_cortexa9_0/include -MMD -MP -MF"src/videoImageProcessingTest.d" -MT"src/videoImageProcessingTest.o" -o "src/videoImageProcessingTest.o" "../src/videoImageProcessingTest.c"
../src/videoImageProcessingTest.c: In function 'main':
../src/videoImageProcessingTest.c:69:5: warning: implicit declaration of function 'XAxiDma_Start' [-Wimplicit-function-declaration]
     XAxiDma_Start(myImgProcess.DmaCtrlPointer);
     ^~~~~~~~~~~~~
'Finished building: ../src/videoImageProcessingTest.c'
' '
'Building target: videoImageTest.elf'
'Invoking: ARM v7 gcc linker'
arm-none-eabi-gcc -mcpu=cortex-a9 -mfpu=vfpv3 -mfloat-abi=hard -Wl,-build-id=none -specs=Xilinx.spec -Wl,-T -Wl,../src/lscript.ld -L../../videoImageTest_bsp/ps7_cortexa9_0/lib -o "videoImageTest.elf"  ./src/imageProcess.o ./src/videoImageProcessingTest.o   -Wl,--start-group,-lxil,-lgcc,-lc,--end-group
./src/videoImageProcessingTest.o: In function `main':
D:\GitCode\SketchSystem_Multi1080p\SketchSystem.sdk\videoImageTest\Debug/../src/videoImageProcessingTest.c:69: undefined reference to `XAxiDma_Start'
collect2.exe: error: ld returned 1 exit status
make: *** [videoImageTest.elf] Error 1
20:21:32 **** Auto Build of project videoImageTest_bsp ****
make -k all 
"Running Make include in ps7_cortexa9_0/libsrc/axidma_v9_5/src"
make -C ps7_cortexa9_0/libsrc/axidma_v9_5/src -s include  "SHELL=CMD" "COMPILER=arm-none-eabi-gcc" "ARCHIVER=arm-none-eabi-ar" "COMPILER_FLAGS=  -O2 -c" "EXTRA_COMPILER_FLAGS=-mcpu=cortex-a9 -mfpu=vfpv3 -mfloat-abi=hard -nostartfiles -Wall -Wextra"
"Running Make include in ps7_cortexa9_0/libsrc/axivdma_v6_4/src"
make -C ps7_cortexa9_0/libsrc/axivdma_v6_4/src -s include  "SHELL=CMD" "COMPILER=arm-none-eabi-gcc" "ARCHIVER=arm-none-eabi-ar" "COMPILER_FLAGS=  -O2 -c" "EXTRA_COMPILER_FLAGS=-mcpu=cortex-a9 -mfpu=vfpv3 -mfloat-abi=hard -nostartfiles -Wall -Wextra"
"Running Make include in ps7_cortexa9_0/libsrc/coresightps_dcc_v1_4/src"
make -C ps7_cortexa9_0/libsrc/coresightps_dcc_v1_4/src -s include  "SHELL=CMD" "COMPILER=arm-none-eabi-gcc" "ARCHIVER=arm-none-eabi-ar" "COMPILER_FLAGS=  -O2 -c" "EXTRA_COMPILER_FLAGS=-mcpu=cortex-a9 -mfpu=vfpv3 -mfloat-abi=hard -nostartfiles -Wall -Wextra"
"Running Make include in ps7_cortexa9_0/libsrc/cpu_cortexa9_v2_5/src"
make -C ps7_cortexa9_0/libsrc/cpu_cortexa9_v2_5/src -s include  "SHELL=CMD" "COMPILER=arm-none-eabi-gcc" "ARCHIVER=arm-none-eabi-ar" "COMPILER_FLAGS=  -O2 -c" "EXTRA_COMPILER_FLAGS=-mcpu=cortex-a9 -mfpu=vfpv3 -mfloat-abi=hard -nostartfiles -Wall -Wextra"
"Running Make include in ps7_cortexa9_0/libsrc/ddrps_v1_0/src"
make -C ps7_cortexa9_0/libsrc/ddrps_v1_0/src -s include  "SHELL=CMD" "COMPILER=arm-none-eabi-gcc" "ARCHIVER=arm-none-eabi-ar" "COMPILER_FLAGS=  -O2 -c" "EXTRA_COMPILER_FLAGS=-mcpu=cortex-a9 -mfpu=vfpv3 -mfloat-abi=hard -nostartfiles -Wall -Wextra"
"Running Make include in ps7_cortexa9_0/libsrc/devcfg_v3_5/src"
make -C ps7_cortexa9_0/libsrc/devcfg_v3_5/src -s include  "SHELL=CMD" "COMPILER=arm-none-eabi-gcc" "ARCHIVER=arm-none-eabi-ar" "COMPILER_FLAGS=  -O2 -c" "EXTRA_COMPILER_FLAGS=-mcpu=cortex-a9 -mfpu=vfpv3 -mfloat-abi=hard -nostartfiles -Wall -Wextra"
"Running Make include in ps7_cortexa9_0/libsrc/dmaps_v2_3/src"
make -C ps7_cortexa9_0/libsrc/dmaps_v2_3/src -s include  "SHELL=CMD" "COMPILER=arm-none-eabi-gcc" "ARCHIVER=arm-none-eabi-ar" "COMPILER_FLAGS=  -O2 -c" "EXTRA_COMPILER_FLAGS=-mcpu=cortex-a9 -mfpu=vfpv3 -mfloat-abi=hard -nostartfiles -Wall -Wextra"
"Running Make include in ps7_cortexa9_0/libsrc/emacps_v3_6/src"
make -C ps7_cortexa9_0/libsrc/emacps_v3_6/src -s include  "SHELL=CMD" "COMPILER=arm-none-eabi-gcc" "ARCHIVER=arm-none-eabi-ar" "COMPILER_FLAGS=  -O2 -c" "EXTRA_COMPILER_FLAGS=-mcpu=cortex-a9 -mfpu=vfpv3 -mfloat-abi=hard -nostartfiles -Wall -Wextra"
"Running Make include in ps7_cortexa9_0/libsrc/gpiops_v3_3/src"
make -C ps7_cortexa9_0/libsrc/gpiops_v3_3/src -s include  "SHELL=CMD" "COMPILER=arm-none-eabi-gcc" "ARCHIVER=arm-none-eabi-ar" "COMPILER_FLAGS=  -O2 -c" "EXTRA_COMPILER_FLAGS=-mcpu=cortex-a9 -mfpu=vfpv3 -mfloat-abi=hard -nostartfiles -Wall -Wextra"
"Running Make include in ps7_cortexa9_0/libsrc/qspips_v3_4/src"
make -C ps7_cortexa9_0/libsrc/qspips_v3_4/src -s include  "SHELL=CMD" "COMPILER=arm-none-eabi-gcc" "ARCHIVER=arm-none-eabi-ar" "COMPILER_FLAGS=  -O2 -c" "EXTRA_COMPILER_FLAGS=-mcpu=cortex-a9 -mfpu=vfpv3 -mfloat-abi=hard -nostartfiles -Wall -Wextra"
"Running Make include in ps7_cortexa9_0/libsrc/scugic_v3_8/src"
make -C ps7_cortexa9_0/libsrc/scugic_v3_8/src -s include  "SHELL=CMD" "COMPILER=arm-none-eabi-gcc" "ARCHIVER=arm-none-eabi-ar" "COMPILER_FLAGS=  -O2 -c" "EXTRA_COMPILER_FLAGS=-mcpu=cortex-a9 -mfpu=vfpv3 -mfloat-abi=hard -nostartfiles -Wall -Wextra"
"Running Make include in ps7_cortexa9_0/libsrc/scutimer_v2_1/src"
make -C ps7_cortexa9_0/libsrc/scutimer_v2_1/src -s include  "SHELL=CMD" "COMPILER=arm-none-eabi-gcc" "ARCHIVER=arm-none-eabi-ar" "COMPILER_FLAGS=  -O2 -c" "EXTRA_COMPILER_FLAGS=-mcpu=cortex-a9 -mfpu=vfpv3 -mfloat-abi=hard -nostartfiles -Wall -Wextra"
"Running Make include in ps7_cortexa9_0/libsrc/scuwdt_v2_1/src"
make -C ps7_cortexa9_0/libsrc/scuwdt_v2_1/src -s include  "SHELL=CMD" "COMPILER=arm-none-eabi-gcc" "ARCHIVER=arm-none-eabi-ar" "COMPILER_FLAGS=  -O2 -c" "EXTRA_COMPILER_FLAGS=-mcpu=cortex-a9 -mfpu=vfpv3 -mfloat-abi=hard -nostartfiles -Wall -Wextra"
"Running Make include in ps7_cortexa9_0/libsrc/sdps_v3_3/src"
make -C ps7_cortexa9_0/libsrc/sdps_v3_3/src -s include  "SHELL=CMD" "COMPILER=arm-none-eabi-gcc" "ARCHIVER=arm-none-eabi-ar" "COMPILER_FLAGS=  -O2 -c" "EXTRA_COMPILER_FLAGS=-mcpu=cortex-a9 -mfpu=vfpv3 -mfloat-abi=hard -nostartfiles -Wall -Wextra"
"Running Make include in ps7_cortexa9_0/libsrc/standalone_v6_5/src"
make -C ps7_cortexa9_0/libsrc/standalone_v6_5/src -s include  "SHELL=CMD" "COMPILER=arm-none-eabi-gcc" "ARCHIVER=arm-none-eabi-ar" "COMPILER_FLAGS=  -O2 -c" "EXTRA_COMPILER_FLAGS=-mcpu=cortex-a9 -mfpu=vfpv3 -mfloat-abi=hard -nostartfiles -Wall -Wextra"
"Running Make include in ps7_cortexa9_0/libsrc/ttcps_v3_5/src"
make -C ps7_cortexa9_0/libsrc/ttcps_v3_5/src -s include  "SHELL=CMD" "COMPILER=arm-none-eabi-gcc" "ARCHIVER=arm-none-eabi-ar" "COMPILER_FLAGS=  -O2 -c" "EXTRA_COMPILER_FLAGS=-mcpu=cortex-a9 -mfpu=vfpv3 -mfloat-abi=hard -nostartfiles -Wall -Wextra"
"Running Make include in ps7_cortexa9_0/libsrc/uartps_v3_5/src"
make -C ps7_cortexa9_0/libsrc/uartps_v3_5/src -s include  "SHELL=CMD" "COMPILER=arm-none-eabi-gcc" "ARCHIVER=arm-none-eabi-ar" "COMPILER_FLAGS=  -O2 -c" "EXTRA_COMPILER_FLAGS=-mcpu=cortex-a9 -mfpu=vfpv3 -mfloat-abi=hard -nostartfiles -Wall -Wextra"
"Running Make include in ps7_cortexa9_0/libsrc/usbps_v2_4/src"
make -C ps7_cortexa9_0/libsrc/usbps_v2_4/src -s include  "SHELL=CMD" "COMPILER=arm-none-eabi-gcc" "ARCHIVER=arm-none-eabi-ar" "COMPILER_FLAGS=  -O2 -c" "EXTRA_COMPILER_FLAGS=-mcpu=cortex-a9 -mfpu=vfpv3 -mfloat-abi=hard -nostartfiles -Wall -Wextra"
"Running Make include in ps7_cortexa9_0/libsrc/xadcps_v2_2/src"
make -C ps7_cortexa9_0/libsrc/xadcps_v2_2/src -s include  "SHELL=CMD" "COMPILER=arm-none-eabi-gcc" "ARCHIVER=arm-none-eabi-ar" "COMPILER_FLAGS=  -O2 -c" "EXTRA_COMPILER_FLAGS=-mcpu=cortex-a9 -mfpu=vfpv3 -mfloat-abi=hard -nostartfiles -Wall -Wextra"
"Running Make libs in ps7_cortexa9_0/libsrc/axidma_v9_5/src"
make -C ps7_cortexa9_0/libsrc/axidma_v9_5/src -s libs  "SHELL=CMD" "COMPILER=arm-none-eabi-gcc" "ARCHIVER=arm-none-eabi-ar" "COMPILER_FLAGS=  -O2 -c" "EXTRA_COMPILER_FLAGS=-mcpu=cortex-a9 -mfpu=vfpv3 -mfloat-abi=hard -nostartfiles -Wall -Wextra"
"Compiling axidma"
"Running Make libs in ps7_cortexa9_0/libsrc/axivdma_v6_4/src"
make -C ps7_cortexa9_0/libsrc/axivdma_v6_4/src -s libs  "SHELL=CMD" "COMPILER=arm-none-eabi-gcc" "ARCHIVER=arm-none-eabi-ar" "COMPILER_FLAGS=  -O2 -c" "EXTRA_COMPILER_FLAGS=-mcpu=cortex-a9 -mfpu=vfpv3 -mfloat-abi=hard -nostartfiles -Wall -Wextra"
"Compiling axivdma"
"Running Make libs in ps7_cortexa9_0/libsrc/coresightps_dcc_v1_4/src"
make -C ps7_cortexa9_0/libsrc/coresightps_dcc_v1_4/src -s libs  "SHELL=CMD" "COMPILER=arm-none-eabi-gcc" "ARCHIVER=arm-none-eabi-ar" "COMPILER_FLAGS=  -O2 -c" "EXTRA_COMPILER_FLAGS=-mcpu=cortex-a9 -mfpu=vfpv3 -mfloat-abi=hard -nostartfiles -Wall -Wextra"
"Compiling coresightps_dcc"
"Running Make libs in ps7_cortexa9_0/libsrc/cpu_cortexa9_v2_5/src"
make -C ps7_cortexa9_0/libsrc/cpu_cortexa9_v2_5/src -s libs  "SHELL=CMD" "COMPILER=arm-none-eabi-gcc" "ARCHIVER=arm-none-eabi-ar" "COMPILER_FLAGS=  -O2 -c" "EXTRA_COMPILER_FLAGS=-mcpu=cortex-a9 -mfpu=vfpv3 -mfloat-abi=hard -nostartfiles -Wall -Wextra"
"Compiling cpu_cortexa9"
"Running Make libs in ps7_cortexa9_0/libsrc/ddrps_v1_0/src"
make -C ps7_cortexa9_0/libsrc/ddrps_v1_0/src -s libs  "SHELL=CMD" "COMPILER=arm-none-eabi-gcc" "ARCHIVER=arm-none-eabi-ar" "COMPILER_FLAGS=  -O2 -c" "EXTRA_COMPILER_FLAGS=-mcpu=cortex-a9 -mfpu=vfpv3 -mfloat-abi=hard -nostartfiles -Wall -Wextra"
"Compiling ddrps"
"Running Make libs in ps7_cortexa9_0/libsrc/devcfg_v3_5/src"
make -C ps7_cortexa9_0/libsrc/devcfg_v3_5/src -s libs  "SHELL=CMD" "COMPILER=arm-none-eabi-gcc" "ARCHIVER=arm-none-eabi-ar" "COMPILER_FLAGS=  -O2 -c" "EXTRA_COMPILER_FLAGS=-mcpu=cortex-a9 -mfpu=vfpv3 -mfloat-abi=hard -nostartfiles -Wall -Wextra"
"Compiling devcfg"
"Running Make libs in ps7_cortexa9_0/libsrc/dmaps_v2_3/src"
make -C ps7_cortexa9_0/libsrc/dmaps_v2_3/src -s libs  "SHELL=CMD" "COMPILER=arm-none-eabi-gcc" "ARCHIVER=arm-none-eabi-ar" "COMPILER_FLAGS=  -O2 -c" "EXTRA_COMPILER_FLAGS=-mcpu=cortex-a9 -mfpu=vfpv3 -mfloat-abi=hard -nostartfiles -Wall -Wextra"
"Compiling dmaps"
"Running Make libs in ps7_cortexa9_0/libsrc/emacps_v3_6/src"
make -C ps7_cortexa9_0/libsrc/emacps_v3_6/src -s libs  "SHELL=CMD" "COMPILER=arm-none-eabi-gcc" "ARCHIVER=arm-none-eabi-ar" "COMPILER_FLAGS=  -O2 -c" "EXTRA_COMPILER_FLAGS=-mcpu=cortex-a9 -mfpu=vfpv3 -mfloat-abi=hard -nostartfiles -Wall -Wextra"
"Compiling emacps"
"Running Make libs in ps7_cortexa9_0/libsrc/gpiops_v3_3/src"
make -C ps7_cortexa9_0/libsrc/gpiops_v3_3/src -s libs  "SHELL=CMD" "COMPILER=arm-none-eabi-gcc" "ARCHIVER=arm-none-eabi-ar" "COMPILER_FLAGS=  -O2 -c" "EXTRA_COMPILER_FLAGS=-mcpu=cortex-a9 -mfpu=vfpv3 -mfloat-abi=hard -nostartfiles -Wall -Wextra"
"Compiling gpiops"
"Running Make libs in ps7_cortexa9_0/libsrc/qspips_v3_4/src"
make -C ps7_cortexa9_0/libsrc/qspips_v3_4/src -s libs  "SHELL=CMD" "COMPILER=arm-none-eabi-gcc" "ARCHIVER=arm-none-eabi-ar" "COMPILER_FLAGS=  -O2 -c" "EXTRA_COMPILER_FLAGS=-mcpu=cortex-a9 -mfpu=vfpv3 -mfloat-abi=hard -nostartfiles -Wall -Wextra"
"Compiling qspips"
"Running Make libs in ps7_cortexa9_0/libsrc/scugic_v3_8/src"
make -C ps7_cortexa9_0/libsrc/scugic_v3_8/src -s libs  "SHELL=CMD" "COMPILER=arm-none-eabi-gcc" "ARCHIVER=arm-none-eabi-ar" "COMPILER_FLAGS=  -O2 -c" "EXTRA_COMPILER_FLAGS=-mcpu=cortex-a9 -mfpu=vfpv3 -mfloat-abi=hard -nostartfiles -Wall -Wextra"
"Compiling scugic"
"Running Make libs in ps7_cortexa9_0/libsrc/scutimer_v2_1/src"
make -C ps7_cortexa9_0/libsrc/scutimer_v2_1/src -s libs  "SHELL=CMD" "COMPILER=arm-none-eabi-gcc" "ARCHIVER=arm-none-eabi-ar" "COMPILER_FLAGS=  -O2 -c" "EXTRA_COMPILER_FLAGS=-mcpu=cortex-a9 -mfpu=vfpv3 -mfloat-abi=hard -nostartfiles -Wall -Wextra"
"Compiling scutimer"
"Running Make libs in ps7_cortexa9_0/libsrc/scuwdt_v2_1/src"
make -C ps7_cortexa9_0/libsrc/scuwdt_v2_1/src -s libs  "SHELL=CMD" "COMPILER=arm-none-eabi-gcc" "ARCHIVER=arm-none-eabi-ar" "COMPILER_FLAGS=  -O2 -c" "EXTRA_COMPILER_FLAGS=-mcpu=cortex-a9 -mfpu=vfpv3 -mfloat-abi=hard -nostartfiles -Wall -Wextra"
"Compiling scuwdt"
"Running Make libs in ps7_cortexa9_0/libsrc/sdps_v3_3/src"
make -C ps7_cortexa9_0/libsrc/sdps_v3_3/src -s libs  "SHELL=CMD" "COMPILER=arm-none-eabi-gcc" "ARCHIVER=arm-none-eabi-ar" "COMPILER_FLAGS=  -O2 -c" "EXTRA_COMPILER_FLAGS=-mcpu=cortex-a9 -mfpu=vfpv3 -mfloat-abi=hard -nostartfiles -Wall -Wextra"
"Compiling sdps"
"Running Make libs in ps7_cortexa9_0/libsrc/standalone_v6_5/src"
make -C ps7_cortexa9_0/libsrc/standalone_v6_5/src -s libs  "SHELL=CMD" "COMPILER=arm-none-eabi-gcc" "ARCHIVER=arm-none-eabi-ar" "COMPILER_FLAGS=  -O2 -c" "EXTRA_COMPILER_FLAGS=-mcpu=cortex-a9 -mfpu=vfpv3 -mfloat-abi=hard -nostartfiles -Wall -Wextra"
"Compiling standalone"
"Running Make libs in ps7_cortexa9_0/libsrc/ttcps_v3_5/src"
make -C ps7_cortexa9_0/libsrc/ttcps_v3_5/src -s libs  "SHELL=CMD" "COMPILER=arm-none-eabi-gcc" "ARCHIVER=arm-none-eabi-ar" "COMPILER_FLAGS=  -O2 -c" "EXTRA_COMPILER_FLAGS=-mcpu=cortex-a9 -mfpu=vfpv3 -mfloat-abi=hard -nostartfiles -Wall -Wextra"
"Compiling ttcps"
"Running Make libs in ps7_cortexa9_0/libsrc/uartps_v3_5/src"
make -C ps7_cortexa9_0/libsrc/uartps_v3_5/src -s libs  "SHELL=CMD" "COMPILER=arm-none-eabi-gcc" "ARCHIVER=arm-none-eabi-ar" "COMPILER_FLAGS=  -O2 -c" "EXTRA_COMPILER_FLAGS=-mcpu=cortex-a9 -mfpu=vfpv3 -mfloat-abi=hard -nostartfiles -Wall -Wextra"
"Compiling uartps"
"Running Make libs in ps7_cortexa9_0/libsrc/usbps_v2_4/src"
make -C ps7_cortexa9_0/libsrc/usbps_v2_4/src -s libs  "SHELL=CMD" "COMPILER=arm-none-eabi-gcc" "ARCHIVER=arm-none-eabi-ar" "COMPILER_FLAGS=  -O2 -c" "EXTRA_COMPILER_FLAGS=-mcpu=cortex-a9 -mfpu=vfpv3 -mfloat-abi=hard -nostartfiles -Wall -Wextra"
"Compiling usbps"
"Running Make libs in ps7_cortexa9_0/libsrc/xadcps_v2_2/src"
make -C ps7_cortexa9_0/libsrc/xadcps_v2_2/src -s libs  "SHELL=CMD" "COMPILER=arm-none-eabi-gcc" "ARCHIVER=arm-none-eabi-ar" "COMPILER_FLAGS=  -O2 -c" "EXTRA_COMPILER_FLAGS=-mcpu=cortex-a9 -mfpu=vfpv3 -mfloat-abi=hard -nostartfiles -Wall -Wextra"
"Compiling xadcps"
'Finished building libraries'
20:22:08 **** Auto Build of configuration Debug for project videoImageTest ****
make pre-build main-build 
a9-linaro-pre-build-step
' '
'Building file: ../src/imageProcess.c'
'Invoking: ARM v7 gcc compiler'
arm-none-eabi-gcc -Wall -O0 -g3 -c -fmessage-length=0 -MT"src/imageProcess.o" -mcpu=cortex-a9 -mfpu=vfpv3 -mfloat-abi=hard -I../../videoImageTest_bsp/ps7_cortexa9_0/include -MMD -MP -MF"src/imageProcess.d" -MT"src/imageProcess.o" -o "src/imageProcess.o" "../src/imageProcess.c"
'Finished building: ../src/imageProcess.c'
' '
'Building file: ../src/videoImageProcessingTest.c'
'Invoking: ARM v7 gcc compiler'
arm-none-eabi-gcc -Wall -O0 -g3 -c -fmessage-length=0 -MT"src/videoImageProcessingTest.o" -mcpu=cortex-a9 -mfpu=vfpv3 -mfloat-abi=hard -I../../videoImageTest_bsp/ps7_cortexa9_0/include -MMD -MP -MF"src/videoImageProcessingTest.d" -MT"src/videoImageProcessingTest.o" -o "src/videoImageProcessingTest.o" "../src/videoImageProcessingTest.c"
../src/videoImageProcessingTest.c: In function 'main':
../src/videoImageProcessingTest.c:69:5: warning: implicit declaration of function 'XAxiDma_Start' [-Wimplicit-function-declaration]
     XAxiDma_Start(myImgProcess.DmaCtrlPointer);
     ^~~~~~~~~~~~~
'Finished building: ../src/videoImageProcessingTest.c'
' '
'Building target: videoImageTest.elf'
'Invoking: ARM v7 gcc linker'
arm-none-eabi-gcc -mcpu=cortex-a9 -mfpu=vfpv3 -mfloat-abi=hard -Wl,-build-id=none -specs=Xilinx.spec -Wl,-T -Wl,../src/lscript.ld -L../../videoImageTest_bsp/ps7_cortexa9_0/lib -o "videoImageTest.elf"  ./src/imageProcess.o ./src/videoImageProcessingTest.o   -Wl,--start-group,-lxil,-lgcc,-lc,--end-group
./src/videoImageProcessingTest.o: In function `main':
D:\GitCode\SketchSystem_Multi1080p\SketchSystem.sdk\videoImageTest\Debug/../src/videoImageProcessingTest.c:69: undefined reference to `XAxiDma_Start'
collect2.exe: error: ld returned 1 exit status
make: *** [videoImageTest.elf] Error 1
20:24:10 **** Auto Build of configuration Debug for project videoImageTest ****
make pre-build main-build 
a9-linaro-pre-build-step
' '
'Building file: ../src/videoImageProcessingTest.c'
'Invoking: ARM v7 gcc compiler'
arm-none-eabi-gcc -Wall -O0 -g3 -c -fmessage-length=0 -MT"src/videoImageProcessingTest.o" -mcpu=cortex-a9 -mfpu=vfpv3 -mfloat-abi=hard -I../../videoImageTest_bsp/ps7_cortexa9_0/include -MMD -MP -MF"src/videoImageProcessingTest.d" -MT"src/videoImageProcessingTest.o" -o "src/videoImageProcessingTest.o" "../src/videoImageProcessingTest.c"
'Finished building: ../src/videoImageProcessingTest.c'
' '
'Building target: videoImageTest.elf'
'Invoking: ARM v7 gcc linker'
arm-none-eabi-gcc -mcpu=cortex-a9 -mfpu=vfpv3 -mfloat-abi=hard -Wl,-build-id=none -specs=Xilinx.spec -Wl,-T -Wl,../src/lscript.ld -L../../videoImageTest_bsp/ps7_cortexa9_0/lib -o "videoImageTest.elf"  ./src/imageProcess.o ./src/videoImageProcessingTest.o   -Wl,--start-group,-lxil,-lgcc,-lc,--end-group
'Finished building target: videoImageTest.elf'
' '
'Invoking: ARM v7 Print Size'
arm-none-eabi-size videoImageTest.elf  |tee "videoImageTest.elf.size"
   text	   data	    bss	    dec	    hex	filename
  48680	10371956	6243448	16664084	 fe4614	videoImageTest.elf
'Finished building: videoImageTest.elf.size'
' '
20:26:31 **** Incremental Build of configuration Debug for project videoImageTest ****
make pre-build main-build 
a9-linaro-pre-build-step
' '
make: Nothing to be done for `main-build'.
20:28:32 **** Auto Build of configuration Debug for project videoImageTest ****
make pre-build main-build 
a9-linaro-pre-build-step
' '
'Building file: ../src/videoImageProcessingTest.c'
'Invoking: ARM v7 gcc compiler'
arm-none-eabi-gcc -Wall -O0 -g3 -c -fmessage-length=0 -MT"src/videoImageProcessingTest.o" -mcpu=cortex-a9 -mfpu=vfpv3 -mfloat-abi=hard -I../../videoImageTest_bsp/ps7_cortexa9_0/include -MMD -MP -MF"src/videoImageProcessingTest.d" -MT"src/videoImageProcessingTest.o" -o "src/videoImageProcessingTest.o" "../src/videoImageProcessingTest.c"
'Finished building: ../src/videoImageProcessingTest.c'
' '
'Building target: videoImageTest.elf'
'Invoking: ARM v7 gcc linker'
arm-none-eabi-gcc -mcpu=cortex-a9 -mfpu=vfpv3 -mfloat-abi=hard -Wl,-build-id=none -specs=Xilinx.spec -Wl,-T -Wl,../src/lscript.ld -L../../videoImageTest_bsp/ps7_cortexa9_0/lib -o "videoImageTest.elf"  ./src/imageProcess.o ./src/videoImageProcessingTest.o   -Wl,--start-group,-lxil,-lgcc,-lc,--end-group
'Finished building target: videoImageTest.elf'
' '
'Invoking: ARM v7 Print Size'
arm-none-eabi-size videoImageTest.elf  |tee "videoImageTest.elf.size"
   text	   data	    bss	    dec	    hex	filename
  48768	10371956	6243448	16664172	 fe466c	videoImageTest.elf
'Finished building: videoImageTest.elf.size'
' '
20:30:25 **** Incremental Build of configuration Debug for project videoImageTest ****
make pre-build main-build 
a9-linaro-pre-build-step
' '
make: Nothing to be done for `main-build'.
20:30:50 **** Incremental Build of configuration Debug for project videoImageTest ****
make pre-build main-build 
a9-linaro-pre-build-step
' '
make: Nothing to be done for `main-build'.
20:32:57 **** Auto Build of configuration Debug for project videoImageTest ****
make pre-build main-build 
a9-linaro-pre-build-step
' '
'Building file: ../src/videoImageProcessingTest.c'
'Invoking: ARM v7 gcc compiler'
arm-none-eabi-gcc -Wall -O0 -g3 -c -fmessage-length=0 -MT"src/videoImageProcessingTest.o" -mcpu=cortex-a9 -mfpu=vfpv3 -mfloat-abi=hard -I../../videoImageTest_bsp/ps7_cortexa9_0/include -MMD -MP -MF"src/videoImageProcessingTest.d" -MT"src/videoImageProcessingTest.o" -o "src/videoImageProcessingTest.o" "../src/videoImageProcessingTest.c"
'Finished building: ../src/videoImageProcessingTest.c'
' '
'Building target: videoImageTest.elf'
'Invoking: ARM v7 gcc linker'
arm-none-eabi-gcc -mcpu=cortex-a9 -mfpu=vfpv3 -mfloat-abi=hard -Wl,-build-id=none -specs=Xilinx.spec -Wl,-T -Wl,../src/lscript.ld -L../../videoImageTest_bsp/ps7_cortexa9_0/lib -o "videoImageTest.elf"  ./src/imageProcess.o ./src/videoImageProcessingTest.o   -Wl,--start-group,-lxil,-lgcc,-lc,--end-group
'Finished building target: videoImageTest.elf'
' '
'Invoking: ARM v7 Print Size'
arm-none-eabi-size videoImageTest.elf  |tee "videoImageTest.elf.size"
   text	   data	    bss	    dec	    hex	filename
  48376	10371956	6243448	16663780	 fe44e4	videoImageTest.elf
'Finished building: videoImageTest.elf.size'
' '
20:37:14 **** Incremental Build of configuration Debug for project videoImageTest ****
make pre-build main-build 
a9-linaro-pre-build-step
' '
make: Nothing to be done for `main-build'.
20:41:10 **** Auto Build of configuration Debug for project videoImageTest ****
make pre-build main-build 
a9-linaro-pre-build-step
' '
'Building file: ../src/imageProcess.c'
'Invoking: ARM v7 gcc compiler'
arm-none-eabi-gcc -Wall -O0 -g3 -c -fmessage-length=0 -MT"src/imageProcess.o" -mcpu=cortex-a9 -mfpu=vfpv3 -mfloat-abi=hard -I../../videoImageTest_bsp/ps7_cortexa9_0/include -MMD -MP -MF"src/imageProcess.d" -MT"src/imageProcess.o" -o "src/imageProcess.o" "../src/imageProcess.c"
../src/imageProcess.c: In function 'imageProcISR':
../src/imageProcess.c:212:3: warning: implicit declaration of function 'printf' [-Wimplicit-function-declaration]
   printf("row = %d \n",((imgProcess*)CallBackRef)->row);
   ^~~~~~
../src/imageProcess.c:212:3: warning: incompatible implicit declaration of built-in function 'printf'
../src/imageProcess.c:212:3: note: include '<stdio.h>' or provide a declaration of 'printf'
../src/imageProcess.c:212:18: warning: format '%d' expects argument of type 'int', but argument 2 has type 'u32 {aka long unsigned int}' [-Wformat=]
   printf("row = %d \n",((imgProcess*)CallBackRef)->row);
                  ^
'Finished building: ../src/imageProcess.c'
' '
'Building target: videoImageTest.elf'
'Invoking: ARM v7 gcc linker'
arm-none-eabi-gcc -mcpu=cortex-a9 -mfpu=vfpv3 -mfloat-abi=hard -Wl,-build-id=none -specs=Xilinx.spec -Wl,-T -Wl,../src/lscript.ld -L../../videoImageTest_bsp/ps7_cortexa9_0/lib -o "videoImageTest.elf"  ./src/imageProcess.o ./src/videoImageProcessingTest.o   -Wl,--start-group,-lxil,-lgcc,-lc,--end-group
'Finished building target: videoImageTest.elf'
' '
'Invoking: ARM v7 Print Size'
arm-none-eabi-size videoImageTest.elf  |tee "videoImageTest.elf.size"
   text	   data	    bss	    dec	    hex	filename
  95384	10372348	6244144	16711876	 ff00c4	videoImageTest.elf
'Finished building: videoImageTest.elf.size'
' '
20:41:45 **** Incremental Build of configuration Debug for project videoImageTest ****
make pre-build main-build 
a9-linaro-pre-build-step
' '
make: Nothing to be done for `main-build'.
20:42:56 **** Auto Build of configuration Debug for project videoImageTest ****
make pre-build main-build 
a9-linaro-pre-build-step
' '
'Building file: ../src/imageProcess.c'
'Invoking: ARM v7 gcc compiler'
arm-none-eabi-gcc -Wall -O0 -g3 -c -fmessage-length=0 -MT"src/imageProcess.o" -mcpu=cortex-a9 -mfpu=vfpv3 -mfloat-abi=hard -I../../videoImageTest_bsp/ps7_cortexa9_0/include -MMD -MP -MF"src/imageProcess.d" -MT"src/imageProcess.o" -o "src/imageProcess.o" "../src/imageProcess.c"
'Finished building: ../src/imageProcess.c'
' '
'Building target: videoImageTest.elf'
'Invoking: ARM v7 gcc linker'
arm-none-eabi-gcc -mcpu=cortex-a9 -mfpu=vfpv3 -mfloat-abi=hard -Wl,-build-id=none -specs=Xilinx.spec -Wl,-T -Wl,../src/lscript.ld -L../../videoImageTest_bsp/ps7_cortexa9_0/lib -o "videoImageTest.elf"  ./src/imageProcess.o ./src/videoImageProcessingTest.o   -Wl,--start-group,-lxil,-lgcc,-lc,--end-group
'Finished building target: videoImageTest.elf'
' '
'Invoking: ARM v7 Print Size'
arm-none-eabi-size videoImageTest.elf  |tee "videoImageTest.elf.size"
   text	   data	    bss	    dec	    hex	filename
  48376	10371956	6243448	16663780	 fe44e4	videoImageTest.elf
'Finished building: videoImageTest.elf.size'
' '
20:45:40 **** Incremental Build of configuration Debug for project videoImageTest ****
make pre-build main-build 
a9-linaro-pre-build-step
' '
make: Nothing to be done for `main-build'.
20:46:56 **** Auto Build of configuration Debug for project videoImageTest ****
make pre-build main-build 
a9-linaro-pre-build-step
' '
'Building file: ../src/videoImageProcessingTest.c'
'Invoking: ARM v7 gcc compiler'
arm-none-eabi-gcc -Wall -O0 -g3 -c -fmessage-length=0 -MT"src/videoImageProcessingTest.o" -mcpu=cortex-a9 -mfpu=vfpv3 -mfloat-abi=hard -I../../videoImageTest_bsp/ps7_cortexa9_0/include -MMD -MP -MF"src/videoImageProcessingTest.d" -MT"src/videoImageProcessingTest.o" -o "src/videoImageProcessingTest.o" "../src/videoImageProcessingTest.c"
'Finished building: ../src/videoImageProcessingTest.c'
' '
'Building target: videoImageTest.elf'
'Invoking: ARM v7 gcc linker'
arm-none-eabi-gcc -mcpu=cortex-a9 -mfpu=vfpv3 -mfloat-abi=hard -Wl,-build-id=none -specs=Xilinx.spec -Wl,-T -Wl,../src/lscript.ld -L../../videoImageTest_bsp/ps7_cortexa9_0/lib -o "videoImageTest.elf"  ./src/imageProcess.o ./src/videoImageProcessingTest.o   -Wl,--start-group,-lxil,-lgcc,-lc,--end-group
'Finished building target: videoImageTest.elf'
' '
'Invoking: ARM v7 Print Size'
arm-none-eabi-size videoImageTest.elf  |tee "videoImageTest.elf.size"
   text	   data	    bss	    dec	    hex	filename
  48444	10371956	6243448	16663848	 fe4528	videoImageTest.elf
'Finished building: videoImageTest.elf.size'
' '
20:48:38 **** Incremental Build of configuration Debug for project videoImageTest ****
make pre-build main-build 
a9-linaro-pre-build-step
' '
make: Nothing to be done for `main-build'.
20:49:34 **** Auto Build of configuration Debug for project videoImageTest ****
make pre-build main-build 
a9-linaro-pre-build-step
' '
'Building target: videoImageTest.elf'
'Invoking: ARM v7 gcc linker'
arm-none-eabi-gcc -mcpu=cortex-a9 -mfpu=vfpv3 -mfloat-abi=hard -Wl,-build-id=none -specs=Xilinx.spec -Wl,-T -Wl,../src/lscript.ld -L../../videoImageTest_bsp/ps7_cortexa9_0/lib -o "videoImageTest.elf"  ./src/imageProcess.o ./src/videoImageProcessingTest.o   -Wl,--start-group,-lxil,-lgcc,-lc,--end-group
'Finished building target: videoImageTest.elf'
' '
'Invoking: ARM v7 Print Size'
arm-none-eabi-size videoImageTest.elf  |tee "videoImageTest.elf.size"
   text	   data	    bss	    dec	    hex	filename
  48444	10371956	39789688	50210088	2fe2528	videoImageTest.elf
'Finished building: videoImageTest.elf.size'
' '
20:49:45 **** Incremental Build of configuration Debug for project videoImageTest ****
make pre-build main-build 
a9-linaro-pre-build-step
' '
make: Nothing to be done for `main-build'.
20:51:54 **** Auto Build of configuration Debug for project videoImageTest ****
make pre-build main-build 
a9-linaro-pre-build-step
' '
'Building file: ../src/videoImageProcessingTest.c'
'Invoking: ARM v7 gcc compiler'
arm-none-eabi-gcc -Wall -O0 -g3 -c -fmessage-length=0 -MT"src/videoImageProcessingTest.o" -mcpu=cortex-a9 -mfpu=vfpv3 -mfloat-abi=hard -I../../videoImageTest_bsp/ps7_cortexa9_0/include -MMD -MP -MF"src/videoImageProcessingTest.d" -MT"src/videoImageProcessingTest.o" -o "src/videoImageProcessingTest.o" "../src/videoImageProcessingTest.c"
'Finished building: ../src/videoImageProcessingTest.c'
' '
'Building target: videoImageTest.elf'
'Invoking: ARM v7 gcc linker'
arm-none-eabi-gcc -mcpu=cortex-a9 -mfpu=vfpv3 -mfloat-abi=hard -Wl,-build-id=none -specs=Xilinx.spec -Wl,-T -Wl,../src/lscript.ld -L../../videoImageTest_bsp/ps7_cortexa9_0/lib -o "videoImageTest.elf"  ./src/imageProcess.o ./src/videoImageProcessingTest.o   -Wl,--start-group,-lxil,-lgcc,-lc,--end-group
'Finished building target: videoImageTest.elf'
' '
'Invoking: ARM v7 Print Size'
arm-none-eabi-size videoImageTest.elf  |tee "videoImageTest.elf.size"
   text	   data	    bss	    dec	    hex	filename
  48680	10371956	39789688	50210324	2fe2614	videoImageTest.elf
'Finished building: videoImageTest.elf.size'
' '
20:53:19 **** Incremental Build of configuration Debug for project videoImageTest ****
make pre-build main-build 
a9-linaro-pre-build-step
' '
make: Nothing to be done for `main-build'.
20:55:21 **** Auto Build of configuration Debug for project videoImageTest ****
make pre-build main-build 
a9-linaro-pre-build-step
' '
'Building file: ../src/videoImageProcessingTest.c'
'Invoking: ARM v7 gcc compiler'
arm-none-eabi-gcc -Wall -O0 -g3 -c -fmessage-length=0 -MT"src/videoImageProcessingTest.o" -mcpu=cortex-a9 -mfpu=vfpv3 -mfloat-abi=hard -I../../videoImageTest_bsp/ps7_cortexa9_0/include -MMD -MP -MF"src/videoImageProcessingTest.d" -MT"src/videoImageProcessingTest.o" -o "src/videoImageProcessingTest.o" "../src/videoImageProcessingTest.c"
'Finished building: ../src/videoImageProcessingTest.c'
' '
'Building target: videoImageTest.elf'
'Invoking: ARM v7 gcc linker'
arm-none-eabi-gcc -mcpu=cortex-a9 -mfpu=vfpv3 -mfloat-abi=hard -Wl,-build-id=none -specs=Xilinx.spec -Wl,-T -Wl,../src/lscript.ld -L../../videoImageTest_bsp/ps7_cortexa9_0/lib -o "videoImageTest.elf"  ./src/imageProcess.o ./src/videoImageProcessingTest.o   -Wl,--start-group,-lxil,-lgcc,-lc,--end-group
'Finished building target: videoImageTest.elf'
' '
'Invoking: ARM v7 Print Size'
arm-none-eabi-size videoImageTest.elf  |tee "videoImageTest.elf.size"
   text	   data	    bss	    dec	    hex	filename
  48680	10371956	39789688	50210324	2fe2614	videoImageTest.elf
'Finished building: videoImageTest.elf.size'
' '
21:41:46 **** Auto Build of configuration Debug for project videoImageTest ****
make pre-build main-build 
a9-linaro-pre-build-step
' '
'Building file: ../src/videoImageProcessingTest.c'
'Invoking: ARM v7 gcc compiler'
arm-none-eabi-gcc -Wall -O0 -g3 -c -fmessage-length=0 -MT"src/videoImageProcessingTest.o" -mcpu=cortex-a9 -mfpu=vfpv3 -mfloat-abi=hard -I../../videoImageTest_bsp/ps7_cortexa9_0/include -MMD -MP -MF"src/videoImageProcessingTest.d" -MT"src/videoImageProcessingTest.o" -o "src/videoImageProcessingTest.o" "../src/videoImageProcessingTest.c"
'Finished building: ../src/videoImageProcessingTest.c'
' '
'Building target: videoImageTest.elf'
'Invoking: ARM v7 gcc linker'
arm-none-eabi-gcc -mcpu=cortex-a9 -mfpu=vfpv3 -mfloat-abi=hard -Wl,-build-id=none -specs=Xilinx.spec -Wl,-T -Wl,../src/lscript.ld -L../../videoImageTest_bsp/ps7_cortexa9_0/lib -o "videoImageTest.elf"  ./src/imageProcess.o ./src/videoImageProcessingTest.o   -Wl,--start-group,-lxil,-lgcc,-lc,--end-group
'Finished building target: videoImageTest.elf'
' '
'Invoking: ARM v7 Print Size'
arm-none-eabi-size videoImageTest.elf  |tee "videoImageTest.elf.size"
   text	   data	    bss	    dec	    hex	filename
  48604	10371956	39789688	50210248	2fe25c8	videoImageTest.elf
'Finished building: videoImageTest.elf.size'
' '
21:43:21 **** Incremental Build of configuration Debug for project videoImageTest ****
make pre-build main-build 
a9-linaro-pre-build-step
' '
make: Nothing to be done for `main-build'.
21:45:33 **** Auto Build of configuration Debug for project videoImageTest ****
make pre-build main-build 
a9-linaro-pre-build-step
' '
'Building file: ../src/videoImageProcessingTest.c'
'Invoking: ARM v7 gcc compiler'
arm-none-eabi-gcc -Wall -O0 -g3 -c -fmessage-length=0 -MT"src/videoImageProcessingTest.o" -mcpu=cortex-a9 -mfpu=vfpv3 -mfloat-abi=hard -I../../videoImageTest_bsp/ps7_cortexa9_0/include -MMD -MP -MF"src/videoImageProcessingTest.d" -MT"src/videoImageProcessingTest.o" -o "src/videoImageProcessingTest.o" "../src/videoImageProcessingTest.c"
'Finished building: ../src/videoImageProcessingTest.c'
' '
'Building target: videoImageTest.elf'
'Invoking: ARM v7 gcc linker'
arm-none-eabi-gcc -mcpu=cortex-a9 -mfpu=vfpv3 -mfloat-abi=hard -Wl,-build-id=none -specs=Xilinx.spec -Wl,-T -Wl,../src/lscript.ld -L../../videoImageTest_bsp/ps7_cortexa9_0/lib -o "videoImageTest.elf"  ./src/imageProcess.o ./src/videoImageProcessingTest.o   -Wl,--start-group,-lxil,-lgcc,-lc,--end-group
'Finished building target: videoImageTest.elf'
' '
'Invoking: ARM v7 Print Size'
arm-none-eabi-size videoImageTest.elf  |tee "videoImageTest.elf.size"
   text	   data	    bss	    dec	    hex	filename
  48604	10371956	39789688	50210248	2fe25c8	videoImageTest.elf
'Finished building: videoImageTest.elf.size'
' '
21:48:37 **** Auto Build of configuration Debug for project videoImageTest ****
make pre-build main-build 
a9-linaro-pre-build-step
' '
'Building file: ../src/imageProcess.c'
'Invoking: ARM v7 gcc compiler'
arm-none-eabi-gcc -Wall -O0 -g3 -c -fmessage-length=0 -MT"src/imageProcess.o" -mcpu=cortex-a9 -mfpu=vfpv3 -mfloat-abi=hard -I../../videoImageTest_bsp/ps7_cortexa9_0/include -MMD -MP -MF"src/imageProcess.d" -MT"src/imageProcess.o" -o "src/imageProcess.o" "../src/imageProcess.c"
'Finished building: ../src/imageProcess.c'
' '
'Building target: videoImageTest.elf'
'Invoking: ARM v7 gcc linker'
arm-none-eabi-gcc -mcpu=cortex-a9 -mfpu=vfpv3 -mfloat-abi=hard -Wl,-build-id=none -specs=Xilinx.spec -Wl,-T -Wl,../src/lscript.ld -L../../videoImageTest_bsp/ps7_cortexa9_0/lib -o "videoImageTest.elf"  ./src/imageProcess.o ./src/videoImageProcessingTest.o   -Wl,--start-group,-lxil,-lgcc,-lc,--end-group
'Finished building target: videoImageTest.elf'
' '
'Invoking: ARM v7 Print Size'
arm-none-eabi-size videoImageTest.elf  |tee "videoImageTest.elf.size"
   text	   data	    bss	    dec	    hex	filename
  48604	10371956	39789688	50210248	2fe25c8	videoImageTest.elf
'Finished building: videoImageTest.elf.size'
' '
19:24:15 **** Auto Build of configuration Debug for project videoImageTest ****
make pre-build main-build 
a9-linaro-pre-build-step
' '
'Building file: ../src/videoImageProcessingTest.c'
'Invoking: ARM v7 gcc compiler'
[...]
                                                                                                      ^~~~~
In file included from ../src/videoImageProcessingTest.c:13:0:
../src/imageProcess.h:35:5: note: expected 'char *' but argument is of type 'u32 {aka long unsigned int}'
 int drawImage(u32 displayHSize,u32 displayVSize,u32 imageHSize,u32 imageVSize,u32 hOffset, u32 vOffset,int numColors,char *imagePointer,char *videoFramePointer);
     ^~~~~~~~~
make: *** [src/videoImageProcessingTest.o] Error 1
21:14:33 **** Auto Build of configuration Debug for project videoImageTest ****
make pre-build main-build 
a9-linaro-pre-build-step
' '
'Building file: ../src/videoImageProcessingTest.c'
'Invoking: ARM v7 gcc compiler'
arm-none-eabi-gcc -Wall -O0 -g3 -c -fmessage-length=0 -MT"src/videoImageProcessingTest.o" -mcpu=cortex-a9 -mfpu=vfpv3 -mfloat-abi=hard -I../../videoImageTest_bsp/ps7_cortexa9_0/include -MMD -MP -MF"src/videoImageProcessingTest.d" -MT"src/videoImageProcessingTest.o" -o "src/videoImageProcessingTest.o" "../src/videoImageProcessingTest.c"
../src/videoImageProcessingTest.c: In function 'main':
../src/videoImageProcessingTest.c:172:98: warning: passing argument 9 of 'drawImage' makes pointer from integer without a cast [-Wint-conversion]
       drawImage(HSize,VSize,imgHSize,imgVSize,(HSize-imgHSize)/2,(VSize-imgVSize)/2,1,imageDataA,Addr1);
                                                                                                  ^~~~~
In file included from ../src/videoImageProcessingTest.c:13:0:
../src/imageProcess.h:35:5: note: expected 'char *' but argument is of type 'u32 {aka long unsigned int}'
 int drawImage(u32 displayHSize,u32 displayVSize,u32 imageHSize,u32 imageVSize,u32 hOffset, u32 vOffset,int numColors,char *imagePointer,char *videoFramePointer);
     ^~~~~~~~~
../src/videoImageProcessingTest.c:175:101: warning: passing argument 9 of 'drawImage' makes pointer from integer without a cast [-Wint-conversion]
       drawImage(HSize,VSize,imgHSize,imgVSize,(HSize-imgHSize)/2,(VSize-imgVSize)/2,1,filteredImage,Addr1);
                                                                                                     ^~~~~
In file included from ../src/videoImageProcessingTest.c:13:0:
../src/imageProcess.h:35:5: note: expected 'char *' but argument is of type 'u32 {aka long unsigned int}'
 int drawImage(u32 displayHSize,u32 displayVSize,u32 imageHSize,u32 imageVSize,u32 hOffset, u32 vOffset,int numColors,char *imagePointer,char *videoFramePointer);
     ^~~~~~~~~
../src/videoImageProcessingTest.c:178:98: warning: passing argument 9 of 'drawImage' makes pointer from integer without a cast [-Wint-conversion]
       drawImage(HSize,VSize,imgHSize,imgVSize,(HSize-imgHSize)/2,(VSize-imgVSize)/2,1,imageDataC,Addr2);
                                                                                                  ^~~~~
In file included from ../src/videoImageProcessingTest.c:13:0:
../src/imageProcess.h:35:5: note: expected 'char *' but argument is of type 'u32 {aka long unsigned int}'
 int drawImage(u32 displayHSize,u32 displayVSize,u32 imageHSize,u32 imageVSize,u32 hOffset, u32 vOffset,int numColors,char *imagePointer,char *videoFramePointer);
     ^~~~~~~~~
../src/videoImageProcessingTest.c:181:102: warning: passing argument 9 of 'drawImage' makes pointer from integer without a cast [-Wint-conversion]
       drawImage(HSize,VSize,imgHSize,imgVSize,(HSize-imgHSize)/2,(VSize-imgVSize)/2,1,filteredImage2,Addr2);
                                                                                                      ^~~~~
In file included from ../src/videoImageProcessingTest.c:13:0:
../src/imageProcess.h:35:5: note: expected 'char *' but argument is of type 'u32 {aka long unsigned int}'
 int drawImage(u32 displayHSize,u32 displayVSize,u32 imageHSize,u32 imageVSize,u32 hOffset, u32 vOffset,int numColors,char *imagePointer,char *videoFramePointer);
     ^~~~~~~~~
../src/videoImageProcessingTest.c:184:98: warning: passing argument 9 of 'drawImage' makes pointer from integer without a cast [-Wint-conversion]
       drawImage(HSize,VSize,imgHSize,imgVSize,(HSize-imgHSize)/2,(VSize-imgVSize)/2,1,imageDataE,Addr3);
                                                                                                  ^~~~~
In file included from ../src/videoImageProcessingTest.c:13:0:
../src/imageProcess.h:35:5: note: expected 'char *' but argument is of type 'u32 {aka long unsigned int}'
 int drawImage(u32 displayHSize,u32 displayVSize,u32 imageHSize,u32 imageVSize,u32 hOffset, u32 vOffset,int numColors,char *imagePointer,char *videoFramePointer);
     ^~~~~~~~~
../src/videoImageProcessingTest.c:187:102: warning: passing argument 9 of 'drawImage' makes pointer from integer without a cast [-Wint-conversion]
       drawImage(HSize,VSize,imgHSize,imgVSize,(HSize-imgHSize)/2,(VSize-imgVSize)/2,1,filteredImage3,Addr3);
                                                                                                      ^~~~~
In file included from ../src/videoImageProcessingTest.c:13:0:
../src/imageProcess.h:35:5: note: expected 'char *' but argument is of type 'u32 {aka long unsigned int}'
 int drawImage(u32 displayHSize,u32 displayVSize,u32 imageHSize,u32 imageVSize,u32 hOffset, u32 vOffset,int numColors,char *imagePointer,char *videoFramePointer);
     ^~~~~~~~~
../src/videoImageProcessingTest.c:184:7: warning: 'Addr3' may be used uninitialized in this function [-Wmaybe-uninitialized]
       drawImage(HSize,VSize,imgHSize,imgVSize,(HSize-imgHSize)/2,(VSize-imgVSize)/2,1,imageDataE,Addr3);
       ^~~~~~~~~~~~~~~~~~~~~~~~~~~~~~~~~~~~~~~~~~~~~~~~~~~~~~~~~~~~~~~~~~~~~~~~~~~~~~~~~~~~~~~~~~~~~~~~~
'Finished building: ../src/videoImageProcessingTest.c'
' '
'Building target: videoImageTest.elf'
'Invoking: ARM v7 gcc linker'
arm-none-eabi-gcc -mcpu=cortex-a9 -mfpu=vfpv3 -mfloat-abi=hard -Wl,-build-id=none -specs=Xilinx.spec -Wl,-T -Wl,../src/lscript.ld -L../../videoImageTest_bsp/ps7_cortexa9_0/lib -o "videoImageTest.elf"  ./src/imageProcess.o ./src/videoImageProcessingTest.o   -Wl,--start-group,-lxil,-lgcc,-lc,--end-group
'Finished building target: videoImageTest.elf'
' '
'Invoking: ARM v7 Print Size'
arm-none-eabi-size videoImageTest.elf  |tee "videoImageTest.elf.size"
   text	   data	    bss	    dec	    hex	filename
  49592	10371956	52231288	62652836	3bc01a4	videoImageTest.elf
'Finished building: videoImageTest.elf.size'
' '
21:20:14 **** Auto Build of configuration Debug for project videoImageTest ****
make pre-build main-build 
a9-linaro-pre-build-step
' '
'Building file: ../src/videoImageProcessingTest.c'
'Invoking: ARM v7 gcc compiler'
arm-none-eabi-gcc -Wall -O0 -g3 -c -fmessage-length=0 -MT"src/videoImageProcessingTest.o" -mcpu=cortex-a9 -mfpu=vfpv3 -mfloat-abi=hard -I../../videoImageTest_bsp/ps7_cortexa9_0/include -MMD -MP -MF"src/videoImageProcessingTest.d" -MT"src/videoImageProcessingTest.o" -o "src/videoImageProcessingTest.o" "../src/videoImageProcessingTest.c"
../src/videoImageProcessingTest.c: In function 'main':
../src/videoImageProcessingTest.c:137:40: error: 'Addr' undeclared (first use in this function)
   ReadCfg.FrameStoreStartAddr[Index] = Addr;
                                        ^~~~
../src/videoImageProcessingTest.c:137:40: note: each undeclared identifier is reported only once for each function it appears in
../src/videoImageProcessingTest.c:172:98: warning: passing argument 9 of 'drawImage' makes pointer from integer without a cast [-Wint-conversion]
       drawImage(HSize,VSize,imgHSize,imgVSize,(HSize-imgHSize)/2,(VSize-imgVSize)/2,1,imageDataA,Addr1);
                                                                                                  ^~~~~
In file included from ../src/videoImageProcessingTest.c:13:0:
../src/imageProcess.h:35:5: note: expected 'char *' but argument is of type 'u32 {aka long unsigned int}'
 int drawImage(u32 displayHSize,u32 displayVSize,u32 imageHSize,u32 imageVSize,u32 hOffset, u32 vOffset,int numColors,char *imagePointer,char *videoFramePointer);
     ^~~~~~~~~
../src/videoImageProcessingTest.c:178:98: warning: passing argument 9 of 'drawImage' makes pointer from integer without a cast [-Wint-conversion]
       drawImage(HSize,VSize,imgHSize,imgVSize,(HSize-imgHSize)/2,(VSize-imgVSize)/2,1,imageDataC,Addr2);
                                                                                                  ^~~~~
In file included from ../src/videoImageProcessingTest.c:13:0:
../src/imageProcess.h:35:5: note: expected 'char *' but argument is of type 'u32 {aka long unsigned int}'
 int drawImage(u32 displayHSize,u32 displayVSize,u32 imageHSize,u32 imageVSize,u32 hOffset, u32 vOffset,int numColors,char *imagePointer,char *videoFramePointer);
     ^~~~~~~~~
../src/videoImageProcessingTest.c:184:98: warning: passing argument 9 of 'drawImage' makes pointer from integer without a cast [-Wint-conversion]
       drawImage(HSize,VSize,imgHSize,imgVSize,(HSize-imgHSize)/2,(VSize-imgVSize)/2,1,imageDataE,Addr3);
                                                                                                  ^~~~~
In file included from ../src/videoImageProcessingTest.c:13:0:
../src/imageProcess.h:35:5: note: expected 'char *' but argument is of type 'u32 {aka long unsigned int}'
 int drawImage(u32 displayHSize,u32 displayVSize,u32 imageHSize,u32 imageVSize,u32 hOffset, u32 vOffset,int numColors,char *imagePointer,char *videoFramePointer);
     ^~~~~~~~~
make: *** [src/videoImageProcessingTest.o] Error 1
21:20:33 **** Auto Build of configuration Debug for project videoImageTest ****
make pre-build main-build 
a9-linaro-pre-build-step
' '
'Building file: ../src/videoImageProcessingTest.c'
'Invoking: ARM v7 gcc compiler'
arm-none-eabi-gcc -Wall -O0 -g3 -c -fmessage-length=0 -MT"src/videoImageProcessingTest.o" -mcpu=cortex-a9 -mfpu=vfpv3 -mfloat-abi=hard -I../../videoImageTest_bsp/ps7_cortexa9_0/include -MMD -MP -MF"src/videoImageProcessingTest.d" -MT"src/videoImageProcessingTest.o" -o "src/videoImageProcessingTest.o" "../src/videoImageProcessingTest.c"
../src/videoImageProcessingTest.c: In function 'main':
../src/videoImageProcessingTest.c:137:40: error: 'Addr' undeclared (first use in this function)
   ReadCfg.FrameStoreStartAddr[Index] = Addr;
                                        ^~~~
../src/videoImageProcessingTest.c:137:40: note: each undeclared identifier is reported only once for each function it appears in
../src/videoImageProcessingTest.c:172:98: warning: passing argument 9 of 'drawImage' makes pointer from integer without a cast [-Wint-conversion]
       drawImage(HSize,VSize,imgHSize,imgVSize,(HSize-imgHSize)/2,(VSize-imgVSize)/2,1,imageDataA,Addr1);
                                                                                                  ^~~~~
In file included from ../src/videoImageProcessingTest.c:13:0:
../src/imageProcess.h:35:5: note: expected 'char *' but argument is of type 'u32 {aka long unsigned int}'
 int drawImage(u32 displayHSize,u32 displayVSize,u32 imageHSize,u32 imageVSize,u32 hOffset, u32 vOffset,int numColors,char *imagePointer,char *videoFramePointer);
     ^~~~~~~~~
../src/videoImageProcessingTest.c:178:98: warning: passing argument 9 of 'drawImage' makes pointer from integer without a cast [-Wint-conversion]
       drawImage(HSize,VSize,imgHSize,imgVSize,(HSize-imgHSize)/2,(VSize-imgVSize)/2,1,imageDataC,Addr2);
                                                                                                  ^~~~~
In file included from ../src/videoImageProcessingTest.c:13:0:
../src/imageProcess.h:35:5: note: expected 'char *' but argument is of type 'u32 {aka long unsigned int}'
 int drawImage(u32 displayHSize,u32 displayVSize,u32 imageHSize,u32 imageVSize,u32 hOffset, u32 vOffset,int numColors,char *imagePointer,char *videoFramePointer);
     ^~~~~~~~~
../src/videoImageProcessingTest.c:184:98: warning: passing argument 9 of 'drawImage' makes pointer from integer without a cast [-Wint-conversion]
       drawImage(HSize,VSize,imgHSize,imgVSize,(HSize-imgHSize)/2,(VSize-imgVSize)/2,1,imageDataE,Addr3);
                                                                                                  ^~~~~
In file included from ../src/videoImageProcessingTest.c:13:0:
../src/imageProcess.h:35:5: note: expected 'char *' but argument is of type 'u32 {aka long unsigned int}'
 int drawImage(u32 displayHSize,u32 displayVSize,u32 imageHSize,u32 imageVSize,u32 hOffset, u32 vOffset,int numColors,char *imagePointer,char *videoFramePointer);
     ^~~~~~~~~
make: *** [src/videoImageProcessingTest.o] Error 1
21:21:12 **** Auto Build of configuration Debug for project videoImageTest ****
make pre-build main-build 
a9-linaro-pre-build-step
' '
'Building file: ../src/videoImageProcessingTest.c'
'Invoking: ARM v7 gcc compiler'
arm-none-eabi-gcc -Wall -O0 -g3 -c -fmessage-length=0 -MT"src/videoImageProcessingTest.o" -mcpu=cortex-a9 -mfpu=vfpv3 -mfloat-abi=hard -I../../videoImageTest_bsp/ps7_cortexa9_0/include -MMD -MP -MF"src/videoImageProcessingTest.d" -MT"src/videoImageProcessingTest.o" -o "src/videoImageProcessingTest.o" "../src/videoImageProcessingTest.c"
../src/videoImageProcessingTest.c: In function 'main':
../src/videoImageProcessingTest.c:172:98: warning: passing argument 9 of 'drawImage' makes pointer from integer without a cast [-Wint-conversion]
       drawImage(HSize,VSize,imgHSize,imgVSize,(HSize-imgHSize)/2,(VSize-imgVSize)/2,1,imageDataA,Addr1);
                                                                                                  ^~~~~
In file included from ../src/videoImageProcessingTest.c:13:0:
../src/imageProcess.h:35:5: note: expected 'char *' but argument is of type 'u32 {aka long unsigned int}'
 int drawImage(u32 displayHSize,u32 displayVSize,u32 imageHSize,u32 imageVSize,u32 hOffset, u32 vOffset,int numColors,char *imagePointer,char *videoFramePointer);
     ^~~~~~~~~
../src/videoImageProcessingTest.c:178:98: warning: passing argument 9 of 'drawImage' makes pointer from integer without a cast [-Wint-conversion]
       drawImage(HSize,VSize,imgHSize,imgVSize,(HSize-imgHSize)/2,(VSize-imgVSize)/2,1,imageDataC,Addr2);
                                                                                                  ^~~~~
In file included from ../src/videoImageProcessingTest.c:13:0:
../src/imageProcess.h:35:5: note: expected 'char *' but argument is of type 'u32 {aka long unsigned int}'
 int drawImage(u32 displayHSize,u32 displayVSize,u32 imageHSize,u32 imageVSize,u32 hOffset, u32 vOffset,int numColors,char *imagePointer,char *videoFramePointer);
     ^~~~~~~~~
../src/videoImageProcessingTest.c:184:98: warning: passing argument 9 of 'drawImage' makes pointer from integer without a cast [-Wint-conversion]
       drawImage(HSize,VSize,imgHSize,imgVSize,(HSize-imgHSize)/2,(VSize-imgVSize)/2,1,imageDataE,Addr3);
                                                                                                  ^~~~~
In file included from ../src/videoImageProcessingTest.c:13:0:
../src/imageProcess.h:35:5: note: expected 'char *' but argument is of type 'u32 {aka long unsigned int}'
 int drawImage(u32 displayHSize,u32 displayVSize,u32 imageHSize,u32 imageVSize,u32 hOffset, u32 vOffset,int numColors,char *imagePointer,char *videoFramePointer);
     ^~~~~~~~~
../src/videoImageProcessingTest.c:184:7: warning: 'Addr3' may be used uninitialized in this function [-Wmaybe-uninitialized]
       drawImage(HSize,VSize,imgHSize,imgVSize,(HSize-imgHSize)/2,(VSize-imgVSize)/2,1,imageDataE,Addr3);
       ^~~~~~~~~~~~~~~~~~~~~~~~~~~~~~~~~~~~~~~~~~~~~~~~~~~~~~~~~~~~~~~~~~~~~~~~~~~~~~~~~~~~~~~~~~~~~~~~~
'Finished building: ../src/videoImageProcessingTest.c'
' '
'Building target: videoImageTest.elf'
'Invoking: ARM v7 gcc linker'
arm-none-eabi-gcc -mcpu=cortex-a9 -mfpu=vfpv3 -mfloat-abi=hard -Wl,-build-id=none -specs=Xilinx.spec -Wl,-T -Wl,../src/lscript.ld -L../../videoImageTest_bsp/ps7_cortexa9_0/lib -o "videoImageTest.elf"  ./src/imageProcess.o ./src/videoImageProcessingTest.o   -Wl,--start-group,-lxil,-lgcc,-lc,--end-group
'Finished building target: videoImageTest.elf'
' '
'Invoking: ARM v7 Print Size'
arm-none-eabi-size videoImageTest.elf  |tee "videoImageTest.elf.size"
   text	   data	    bss	    dec	    hex	filename
  49592	10371956	52231288	62652836	3bc01a4	videoImageTest.elf
'Finished building: videoImageTest.elf.size'
' '
21:22:59 **** Auto Build of configuration Debug for project videoImageTest ****
make pre-build main-build 
a9-linaro-pre-build-step
' '
'Building file: ../src/videoImageProcessingTest.c'
'Invoking: ARM v7 gcc compiler'
arm-none-eabi-gcc -Wall -O0 -g3 -c -fmessage-length=0 -MT"src/videoImageProcessingTest.o" -mcpu=cortex-a9 -mfpu=vfpv3 -mfloat-abi=hard -I../../videoImageTest_bsp/ps7_cortexa9_0/include -MMD -MP -MF"src/videoImageProcessingTest.d" -MT"src/videoImageProcessingTest.o" -o "src/videoImageProcessingTest.o" "../src/videoImageProcessingTest.c"
../src/videoImageProcessingTest.c: In function 'main':
../src/videoImageProcessingTest.c:106:6: warning: unused variable 'Addr3' [-Wunused-variable]
  u32 Addr3;
      ^~~~~
../src/videoImageProcessingTest.c:105:6: warning: variable 'Addr2' set but not used [-Wunused-but-set-variable]
  u32 Addr2;
      ^~~~~
'Finished building: ../src/videoImageProcessingTest.c'
' '
'Building target: videoImageTest.elf'
'Invoking: ARM v7 gcc linker'
arm-none-eabi-gcc -mcpu=cortex-a9 -mfpu=vfpv3 -mfloat-abi=hard -Wl,-build-id=none -specs=Xilinx.spec -Wl,-T -Wl,../src/lscript.ld -L../../videoImageTest_bsp/ps7_cortexa9_0/lib -o "videoImageTest.elf"  ./src/imageProcess.o ./src/videoImageProcessingTest.o   -Wl,--start-group,-lxil,-lgcc,-lc,--end-group
'Finished building target: videoImageTest.elf'
' '
'Invoking: ARM v7 Print Size'
arm-none-eabi-size videoImageTest.elf  |tee "videoImageTest.elf.size"
   text	   data	    bss	    dec	    hex	filename
  49592	10371956	52231288	62652836	3bc01a4	videoImageTest.elf
'Finished building: videoImageTest.elf.size'
' '
21:24:17 **** Incremental Build of configuration Debug for project videoImageTest ****
make pre-build main-build 
a9-linaro-pre-build-step
' '
make: Nothing to be done for `main-build'.
21:25:33 **** Auto Build of configuration Debug for project videoImageTest ****
make pre-build main-build 
a9-linaro-pre-build-step
' '
'Building file: ../src/videoImageProcessingTest.c'
'Invoking: ARM v7 gcc compiler'
arm-none-eabi-gcc -Wall -O0 -g3 -c -fmessage-length=0 -MT"src/videoImageProcessingTest.o" -mcpu=cortex-a9 -mfpu=vfpv3 -mfloat-abi=hard -I../../videoImageTest_bsp/ps7_cortexa9_0/include -MMD -MP -MF"src/videoImageProcessingTest.d" -MT"src/videoImageProcessingTest.o" -o "src/videoImageProcessingTest.o" "../src/videoImageProcessingTest.c"
../src/videoImageProcessingTest.c: In function 'main':
../src/videoImageProcessingTest.c:106:6: warning: unused variable 'Addr3' [-Wunused-variable]
  u32 Addr3;
      ^~~~~
../src/videoImageProcessingTest.c:105:6: warning: variable 'Addr2' set but not used [-Wunused-but-set-variable]
  u32 Addr2;
      ^~~~~
'Finished building: ../src/videoImageProcessingTest.c'
' '
'Building target: videoImageTest.elf'
'Invoking: ARM v7 gcc linker'
arm-none-eabi-gcc -mcpu=cortex-a9 -mfpu=vfpv3 -mfloat-abi=hard -Wl,-build-id=none -specs=Xilinx.spec -Wl,-T -Wl,../src/lscript.ld -L../../videoImageTest_bsp/ps7_cortexa9_0/lib -o "videoImageTest.elf"  ./src/imageProcess.o ./src/videoImageProcessingTest.o   -Wl,--start-group,-lxil,-lgcc,-lc,--end-group
'Finished building target: videoImageTest.elf'
' '
'Invoking: ARM v7 Print Size'
arm-none-eabi-size videoImageTest.elf  |tee "videoImageTest.elf.size"
   text	   data	    bss	    dec	    hex	filename
  49592	10371956	52231288	62652836	3bc01a4	videoImageTest.elf
'Finished building: videoImageTest.elf.size'
' '
21:28:34 **** Incremental Build of configuration Debug for project videoImageTest ****
make pre-build main-build 
a9-linaro-pre-build-step
' '
make: Nothing to be done for `main-build'.
